Component: ARM Compiler 5.06 update 6 (build 750) Tool: armlink [4d35ed]

==============================================================================

Section Cross References

    startup_stm32f40_41xxx.o(STACK) refers (Special) to heapauxi.o(.text) for __use_two_region_memory
    startup_stm32f40_41xxx.o(HEAP) refers (Special) to heapauxi.o(.text) for __use_two_region_memory
    startup_stm32f40_41xxx.o(RESET) refers (Special) to heapauxi.o(.text) for __use_two_region_memory
    startup_stm32f40_41xxx.o(RESET) refers to startup_stm32f40_41xxx.o(STACK) for __initial_sp
    startup_stm32f40_41xxx.o(RESET) refers to startup_stm32f40_41xxx.o(.text) for Reset_Handler
    startup_stm32f40_41xxx.o(RESET) refers to stm32f4xx_it.o(i.NMI_Handler) for NMI_Handler
    startup_stm32f40_41xxx.o(RESET) refers to stm32f4xx_it.o(i.HardFault_Handler) for HardFault_Handler
    startup_stm32f40_41xxx.o(RESET) refers to stm32f4xx_it.o(i.MemManage_Handler) for MemManage_Handler
    startup_stm32f40_41xxx.o(RESET) refers to stm32f4xx_it.o(i.BusFault_Handler) for BusFault_Handler
    startup_stm32f40_41xxx.o(RESET) refers to stm32f4xx_it.o(i.UsageFault_Handler) for UsageFault_Handler
    startup_stm32f40_41xxx.o(RESET) refers to port.o(.emb_text) for SVC_Handler
    startup_stm32f40_41xxx.o(RESET) refers to stm32f4xx_it.o(i.DebugMon_Handler) for DebugMon_Handler
    startup_stm32f40_41xxx.o(RESET) refers to port.o(i.SysTick_Handler) for SysTick_Handler
    startup_stm32f40_41xxx.o(RESET) refers to stm32f4xx_it.o(i.RTC_WKUP_IRQHandler) for RTC_WKUP_IRQHandler
    startup_stm32f40_41xxx.o(RESET) refers to stm32f4xx_it.o(i.EXTI0_IRQHandler) for EXTI0_IRQHandler
    startup_stm32f40_41xxx.o(RESET) refers to stm32f4xx_it.o(i.EXTI2_IRQHandler) for EXTI2_IRQHandler
    startup_stm32f40_41xxx.o(RESET) refers to stm32f4xx_it.o(i.EXTI3_IRQHandler) for EXTI3_IRQHandler
    startup_stm32f40_41xxx.o(RESET) refers to stm32f4xx_it.o(i.EXTI4_IRQHandler) for EXTI4_IRQHandler
    startup_stm32f40_41xxx.o(RESET) refers to usart.o(i.USART1_IRQHandler) for USART1_IRQHandler
    startup_stm32f40_41xxx.o(RESET) refers to usart2.o(i.USART2_IRQHandler) for USART2_IRQHandler
    startup_stm32f40_41xxx.o(RESET) refers to usart3.o(i.USART3_IRQHandler) for USART3_IRQHandler
    startup_stm32f40_41xxx.o(RESET) refers to stm32f4xx_it.o(i.RTC_Alarm_IRQHandler) for RTC_Alarm_IRQHandler
    startup_stm32f40_41xxx.o(RESET) refers to stm32f4xx_it.o(i.TIM6_DAC_IRQHandler) for TIM6_DAC_IRQHandler
    startup_stm32f40_41xxx.o(.text) refers (Special) to heapauxi.o(.text) for __use_two_region_memory
    startup_stm32f40_41xxx.o(.text) refers to system_stm32f4xx.o(i.SystemInit) for SystemInit
    startup_stm32f40_41xxx.o(.text) refers to __main.o(!!!main) for __main
    startup_stm32f40_41xxx.o(.text) refers to startup_stm32f40_41xxx.o(HEAP) for Heap_Mem
    startup_stm32f40_41xxx.o(.text) refers to startup_stm32f40_41xxx.o(STACK) for Stack_Mem
    system_stm32f4xx.o(i.SystemCoreClockUpdate) refers to system_stm32f4xx.o(.data) for SystemCoreClock
    system_stm32f4xx.o(i.SystemInit) refers to system_stm32f4xx.o(i.SetSysClock) for SetSysClock
    delay.o(i.delay_ms) refers to delay.o(i.delay_us) for delay_us
    usart.o(i.USART1_IRQHandler) refers to stm32f4xx_usart.o(i.USART_GetITStatus) for USART_GetITStatus
    usart.o(i.USART1_IRQHandler) refers to stm32f4xx_usart.o(i.USART_ReceiveData) for USART_ReceiveData
    usart.o(i.USART1_IRQHandler) refers to usart.o(.data) for USART1_RX_STA
    usart.o(i.USART1_IRQHandler) refers to usart.o(.bss) for USART1_RX_BUF
    usart.o(i.uart_init) refers to stm32f4xx_rcc.o(i.RCC_AHB1PeriphClockCmd) for RCC_AHB1PeriphClockCmd
    usart.o(i.uart_init) refers to stm32f4xx_rcc.o(i.RCC_APB2PeriphClockCmd) for RCC_APB2PeriphClockCmd
    usart.o(i.uart_init) refers to stm32f4xx_gpio.o(i.GPIO_PinAFConfig) for GPIO_PinAFConfig
    usart.o(i.uart_init) refers to stm32f4xx_gpio.o(i.GPIO_Init) for GPIO_Init
    usart.o(i.uart_init) refers to stm32f4xx_usart.o(i.USART_Init) for USART_Init
    usart.o(i.uart_init) refers to stm32f4xx_usart.o(i.USART_Cmd) for USART_Cmd
    usart.o(i.uart_init) refers to stm32f4xx_usart.o(i.USART_ITConfig) for USART_ITConfig
    usart.o(i.uart_init) refers to misc.o(i.NVIC_Init) for NVIC_Init
    stm32f4xx_rcc.o(i.RCC_GetClocksFreq) refers to stm32f4xx_rcc.o(.data) for APBAHBPrescTable
    stm32f4xx_rcc.o(i.RCC_WaitForHSEStartUp) refers to stm32f4xx_rcc.o(i.RCC_GetFlagStatus) for RCC_GetFlagStatus
    stm32f4xx_gpio.o(i.GPIO_DeInit) refers to stm32f4xx_rcc.o(i.RCC_AHB1PeriphResetCmd) for RCC_AHB1PeriphResetCmd
    stm32f4xx_syscfg.o(i.SYSCFG_DeInit) refers to stm32f4xx_rcc.o(i.RCC_APB2PeriphResetCmd) for RCC_APB2PeriphResetCmd
    stm32f4xx_tim.o(i.TIM_DeInit) refers to stm32f4xx_rcc.o(i.RCC_APB2PeriphResetCmd) for RCC_APB2PeriphResetCmd
    stm32f4xx_tim.o(i.TIM_DeInit) refers to stm32f4xx_rcc.o(i.RCC_APB1PeriphResetCmd) for RCC_APB1PeriphResetCmd
[...]
    _printf_int_common                       0x08000d15   Thumb Code   178  _printf_intcommon.o(.text)
    __lib_sel_fp_printf                      0x08000dc7   Thumb Code     2  _printf_fp_dec.o(.text)
    _printf_fp_dec_real                      0x08000f79   Thumb Code   620  _printf_fp_dec.o(.text)
    _printf_char_common                      0x080011ef   Thumb Code    32  _printf_char_common.o(.text)
    _sputc                                   0x08001215   Thumb Code    10  _sputc.o(.text)
    _printf_cs_common                        0x0800121f   Thumb Code    20  _printf_char.o(.text)
    _printf_char                             0x08001233   Thumb Code    16  _printf_char.o(.text)
    _printf_string                           0x08001243   Thumb Code     8  _printf_char.o(.text)
    _printf_char_file                        0x0800124d   Thumb Code    32  _printf_char_file.o(.text)
    _sgetc                                   0x08001271   Thumb Code    30  _sgetc.o(.text)
    _sbackspace                              0x0800128f   Thumb Code    34  _sgetc.o(.text)
    __strtod_int                             0x080012ed   Thumb Code    90  strtod.o(.text)
    __aeabi_memcpy4                          0x08001355   Thumb Code     0  rt_memcpy_w.o(.text)
    __aeabi_memcpy8                          0x08001355   Thumb Code     0  rt_memcpy_w.o(.text)
    __rt_memcpy_w                            0x08001355   Thumb Code   100  rt_memcpy_w.o(.text)
    _memcpy_lastbytes_aligned                0x0800139d   Thumb Code     0  rt_memcpy_w.o(.text)
    __user_libspace                          0x080013b9   Thumb Code     8  libspace.o(.text)
    __user_perproc_libspace                  0x080013b9   Thumb Code     0  libspace.o(.text)
    __user_perthread_libspace                0x080013b9   Thumb Code     0  libspace.o(.text)
    __rt_locale                              0x080013c1   Thumb Code     8  rt_locale_intlibspace.o(.text)
    __Heap_ProvideMemory                     0x080013c9   Thumb Code    52  h1_extend.o(.text)
    _ll_udiv10                               0x080013fd   Thumb Code   138  lludiv10.o(.text)
    isspace                                  0x08001487   Thumb Code    18  isspace.o(.text)
    _printf_fp_infnan                        0x08001499   Thumb Code   112  _printf_fp_infnan.o(.text)
    _chval                                   0x08001519   Thumb Code    28  _chval.o(.text)
    _scanf_really_real                       0x08001781   Thumb Code   684  scanf_fp.o(.text)
    _btod_etento                             0x08001a2d   Thumb Code   224  bigflt0.o(.text)
    ferror                                   0x08001b11   Thumb Code     8  ferror.o(.text)
    __rt_SIGRTMEM                            0x08001b19   Thumb Code    14  defsig_rtmem_outer.o(.text)
    __I$use$semihosting                      0x08001b27   Thumb Code     0  use_no_semi.o(.text)
    __use_no_semihosting_swi                 0x08001b27   Thumb Code     2  use_no_semi.o(.text)
    __semihosting_library_function           0x08001b29   Thumb Code     0  indicate_semi.o(.text)
    __user_setup_stackheap                   0x08001b29   Thumb Code    74  sys_stackheap_outer.o(.text)
    __aeabi_errno_addr                       0x08001b75   Thumb Code     8  rt_errno_addr_intlibspace.o(.text)
    __errno$intlibspace                      0x08001b75   Thumb Code     0  rt_errno_addr_intlibspace.o(.text)
    __rt_errno_addr$intlibspace              0x08001b75   Thumb Code     0  rt_errno_addr_intlibspace.o(.text)
    exit                                     0x08001b7d   Thumb Code    18  exit.o(.text)
    __sig_exit                               0x08001b8f   Thumb Code    10  defsig_exit.o(.text)
    __rt_SIGRTMEM_inner                      0x08001b99   Thumb Code    22  defsig_rtmem_inner.o(.text)
    __read_errno                             0x08001be9   Thumb Code    10  _rserrno.o(.text)
    __set_errno                              0x08001bf3   Thumb Code    12  _rserrno.o(.text)
    _scanf_really_hex_real                   0x08001c01   Thumb Code   786  scanf_hexfp.o(.text)
    _scanf_really_infnan                     0x08001f21   Thumb Code   292  scanf_infnan.o(.text)
    __default_signal_display                 0x08002055   Thumb Code    50  defsig_general.o(.text)
    _ttywrch                                 0x08002087   Thumb Code    14  sys_wrch.o(.text)
    __aeabi_llsl                             0x08002095   Thumb Code     0  llshl.o(.text)
    _ll_shift_l                              0x08002095   Thumb Code    38  llshl.o(.text)
    _btod_d2e                                0x080020bb   Thumb Code    62  btod.o(CL$$btod_d2e)
    _d2e_denorm_low                          0x080020f9   Thumb Code    70  btod.o(CL$$btod_d2e_denorm_low)
    _d2e_norm_op1                            0x0800213f   Thumb Code    96  btod.o(CL$$btod_d2e_norm_op1)
    __btod_div_common                        0x0800219f   Thumb Code   696  btod.o(CL$$btod_div_common)
    _e2d                                     0x080024d9   Thumb Code   122  btod.o(CL$$btod_e2d)
    _e2e                                     0x0800255d   Thumb Code   220  btod.o(CL$$btod_e2e)
    _btod_ediv                               0x08002639   Thumb Code    42  btod.o(CL$$btod_ediv)
    _btod_edivd                              0x08002663   Thumb Code    42  btod.o(CL$$btod_edivd)
    _btod_emul                               0x0800268d   Thumb Code    42  btod.o(CL$$btod_emul)
    _btod_emuld                              0x080026b7   Thumb Code    42  btod.o(CL$$btod_emuld)
    __btod_mult_common                       0x080026e1   Thumb Code   580  btod.o(CL$$btod_mult_common)
    ADC_Cmd                                  0x08002925   Thumb Code    22  stm32f4xx_adc.o(i.ADC_Cmd)
    ADC_CommonInit                           0x0800293d   Thumb Code    34  stm32f4xx_adc.o(i.ADC_CommonInit)
    ADC_GetConversionValue                   0x0800296d   Thumb Code     8  stm32f4xx_adc.o(i.ADC_GetConversionValue)
    ADC_GetFlagStatus                        0x08002975   Thumb Code    18  stm32f4xx_adc.o(i.ADC_GetFlagStatus)
    ADC_Init                                 0x08002989   Thumb Code    74  stm32f4xx_adc.o(i.ADC_Init)
    ADC_RegularChannelConfig                 0x080029dd   Thumb Code   184  stm32f4xx_adc.o(i.ADC_RegularChannelConfig)
    ADC_SoftwareStartConv                    0x08002a95   Thumb Code    10  stm32f4xx_adc.o(i.ADC_SoftwareStartConv)
    BusFault_Handler                         0x08002a9f   Thumb Code     4  stm32f4xx_it.o(i.BusFault_Handler)
    DHT11_GetAck                             0x08002aa5   Thumb Code    84  dht11.o(i.DHT11_GetAck)
    DHT11_GetData                            0x08002afd   Thumb Code    92  dht11.o(i.DHT11_GetData)
    DHT11_GetDataBit                         0x08002b59   Thumb Code   100  dht11.o(i.DHT11_GetDataBit)
    DHT11_Init                               0x08002bc1   Thumb Code    60  dht11.o(i.DHT11_Init)
    DHT11_SendStart                          0x08002c01   Thumb Code    56  dht11.o(i.DHT11_SendStart)
    DHT11_SetInputMode                       0x08002c3d   Thumb Code    48  dht11.o(i.DHT11_SetInputMode)
    DHT11_SetOutputMode                      0x08002c71   Thumb Code    38  dht11.o(i.DHT11_SetOutputMode)
    DebugMon_Handler                         0x08002c9d   Thumb Code     2  stm32f4xx_it.o(i.DebugMon_Handler)
    DustSensor_GetVal                        0x08002ca1   Thumb Code   198  dust_sensor.o(i.DustSensor_GetVal)
    DustSensor_Init                          0x08002db9   Thumb Code   170  dust_sensor.o(i.DustSensor_Init)
    ESP8266_Connect_Task                     0x08002e71   Thumb Code   120  main.o(i.ESP8266_Connect_Task)
    EXTI0_IRQHandler                         0x08002fb1   Thumb Code    30  stm32f4xx_it.o(i.EXTI0_IRQHandler)
    EXTI2_IRQHandler                         0x08002fd9   Thumb Code    30  stm32f4xx_it.o(i.EXTI2_IRQHandler)
    EXTI3_IRQHandler                         0x08003001   Thumb Code    30  stm32f4xx_it.o(i.EXTI3_IRQHandler)
    EXTI4_IRQHandler                         0x08003029   Thumb Code    30  stm32f4xx_it.o(i.EXTI4_IRQHandler)
    EXTI_ClearITPendingBit                   0x08003051   Thumb Code     6  stm32f4xx_exti.o(i.EXTI_ClearITPendingBit)
    EXTI_GetITStatus                         0x0800305d   Thumb Code    20  stm32f4xx_exti.o(i.EXTI_GetITStatus)
    EXTI_Init                                0x08003075   Thumb Code   142  stm32f4xx_exti.o(i.EXTI_Init)
    Esp8266_Init                             0x08003109   Thumb Code   286  esp8266.o(i.Esp8266_Init)
    FAN_PWM_Init                             0x08003381   Thumb Code   174  fan.o(i.FAN_PWM_Init)
    FAN_Speed_Adjust                         0x08003435   Thumb Code    82  fan.o(i.FAN_Speed_Adjust)
    FAN_Speed_Inc                            0x0800348d   Thumb Code    30  fan.o(i.FAN_Speed_Inc)
    FAN_Speed_dec                            0x080034b1   Thumb Code    30  fan.o(i.FAN_Speed_dec)
    GPIO_Init                                0x080034d5   Thumb Code   144  stm32f4xx_gpio.o(i.GPIO_Init)
    GPIO_PinAFConfig                         0x08003565   Thumb Code    70  stm32f4xx_gpio.o(i.GPIO_PinAFConfig)
    GPIO_ReadInputDataBit                    0x080035ab   Thumb Code    18  stm32f4xx_gpio.o(i.GPIO_ReadInputDataBit)
    GPIO_ResetBits                           0x080035bd   Thumb Code     4  stm32f4xx_gpio.o(i.GPIO_ResetBits)
    GPIO_SetBits                             0x080035c1   Thumb Code     4  stm32f4xx_gpio.o(i.GPIO_SetBits)
    Get_DeviceInfo_Task                      0x080035c5   Thumb Code    66  main.o(i.Get_DeviceInfo_Task)
    HardFault_Handler                        0x08003635   Thumb Code     4  stm32f4xx_it.o(i.HardFault_Handler)
    Initialize_Task                          0x0800375d   Thumb Code   100  main.o(i.Initialize_Task)
    Interface_Menu                           0x080037f5   Thumb Code   188  interface.o(i.Interface_Menu)
    KEY_IT_Init                              0x080038c1   Thumb Code   226  key.o(i.KEY_IT_Init)
    LED_Init                                 0x080039a9   Thumb Code    92  led.o(i.LED_Init)
    MQTT_Pubilsh_Period_Task                 0x08003a0d   Thumb Code    60  main.o(i.MQTT_Pubilsh_Period_Task)
    MQTT_Send_HeartBeatPacket_Task           0x08003a59   Thumb Code    56  main.o(i.MQTT_Send_HeartBeatPacket_Task)
    MS1100_ADCValToPPM                       0x08003aa9   Thumb Code    92  ms1100.o(i.MS1100_ADCValToPPM)
    MS1100_Get_Mg_per_cubic_meter            0x08003b21   Thumb Code   130  ms1100.o(i.MS1100_Get_Mg_per_cubic_meter)
    MS1100_Init                              0x08003be9   Thumb Code   114  ms1100.o(i.MS1100_Init)
    MS1100_PPMToMG                           0x08003c65   Thumb Code    26  ms1100.o(i.MS1100_PPMToMG)
    MemManage_Handler                        0x08003c89   Thumb Code     4  stm32f4xx_it.o(i.MemManage_Handler)
    Mqtt_Connect_Aliyun                      0x08003c8d   Thumb Code   262  mqtt.o(i.Mqtt_Connect_Aliyun)
    NMI_Handler                              0x08003f7d   Thumb Code     2  stm32f4xx_it.o(i.NMI_Handler)
    NVIC_Init                                0x08003f81   Thumb Code   106  misc.o(i.NVIC_Init)
    NVIC_PriorityGroupConfig                 0x08003ff9   Thumb Code    10  misc.o(i.NVIC_PriorityGroupConfig)
    OLED_Clear                               0x0800400d   Thumb Code    42  oled.o(i.OLED_Clear)
    OLED_Clear_Graphic_MEM                   0x0800403d   Thumb Code    14  oled.o(i.OLED_Clear_Graphic_MEM)
    OLED_DrawPoint                           0x08004051   Thumb Code   104  oled.o(i.OLED_DrawPoint)
    OLED_Init                                0x080040bd   Thumb Code   334  oled.o(i.OLED_Init)
    OLED_RefreshGraphic                      0x08004215   Thumb Code    50  oled.o(i.OLED_RefreshGraphic)
    OLED_Set_Pos                             0x0800424d   Thumb Code    42  oled.o(i.OLED_Set_Pos)
    OLED_ShowBMP                             0x08004277   Thumb Code   170  oled.o(i.OLED_ShowBMP)
    OLED_ShowChar                            0x08004321   Thumb Code   138  oled.o(i.OLED_ShowChar)
    OLED_ShowChinese                         0x080043b1   Thumb Code   242  oled.o(i.OLED_ShowChinese)
    OLED_ShowNum                             0x080044a9   Thumb Code   170  oled.o(i.OLED_ShowNum)
    OLED_ShowStr                             0x08004553   Thumb Code    76  oled.o(i.OLED_ShowStr)
    OLED_Show_Interface                      0x080045a1   Thumb Code    62  interface.o(i.OLED_Show_Interface)
    OLED_Show_Task                           0x080045e5   Thumb Code    14  main.o(i.OLED_Show_Task)
    RCC_AHB1PeriphClockCmd                   0x0800460d   Thumb Code    26  stm32f4xx_rcc.o(i.RCC_AHB1PeriphClockCmd)
    RCC_APB1PeriphClockCmd                   0x0800462d   Thumb Code    26  stm32f4xx_rcc.o(i.RCC_APB1PeriphClockCmd)
    RCC_APB2PeriphClockCmd                   0x0800464d   Thumb Code    26  stm32f4xx_rcc.o(i.RCC_APB2PeriphClockCmd)
    RCC_GetClocksFreq                        0x0800466d   Thumb Code   214  stm32f4xx_rcc.o(i.RCC_GetClocksFreq)
    RTC_Alarm_IRQHandler                     0x08004755   Thumb Code    36  stm32f4xx_it.o(i.RTC_Alarm_IRQHandler)
    RTC_ClearITPendingBit                    0x0800477d   Thumb Code    28  stm32f4xx_rtc.o(i.RTC_ClearITPendingBit)
    RTC_GetITStatus                          0x0800479d   Thumb Code    58  stm32f4xx_rtc.o(i.RTC_GetITStatus)
    RTC_WKUP_IRQHandler                      0x080047dd   Thumb Code    34  stm32f4xx_it.o(i.RTC_WKUP_IRQHandler)
    SYSCFG_EXTILineConfig                    0x08004805   Thumb Code    60  stm32f4xx_syscfg.o(i.SYSCFG_EXTILineConfig)
    Show_Cursel_Menu                         0x08004931   Thumb Code   266  interface.o(i.Show_Cursel_Menu)
    Show_FAN_Speed                           0x08004a75   Thumb Code   188  interface.o(i.Show_FAN_Speed)
    Show_HCHO                                0x08004b75   Thumb Code   112  interface.o(i.Show_HCHO)
    Show_Humiture                            0x08004c09   Thumb Code   146  interface.o(i.Show_Humiture)
    Show_PM2_5                               0x08004de9   Thumb Code   168  interface.o(i.Show_PM2_5)
    SysTick_Handler                          0x08004eb5   Thumb Code    46  port.o(i.SysTick_Handler)
    SystemInit                               0x08004ee9   Thumb Code    88  system_stm32f4xx.o(i.SystemInit)
    TIM6_DAC_IRQHandler                      0x08004f51   Thumb Code    32  stm32f4xx_it.o(i.TIM6_DAC_IRQHandler)
    TIM6_Init                                0x08004f79   Thumb Code    90  tim.o(i.TIM6_Init)
    TIM_ARRPreloadConfig                     0x08004fd9   Thumb Code    24  stm32f4xx_tim.o(i.TIM_ARRPreloadConfig)
    TIM_ClearITPendingBit                    0x08004ff1   Thumb Code     6  stm32f4xx_tim.o(i.TIM_ClearITPendingBit)
    TIM_Cmd                                  0x08004ff7   Thumb Code    24  stm32f4xx_tim.o(i.TIM_Cmd)
    TIM_GetITStatus                          0x0800500f   Thumb Code    34  stm32f4xx_tim.o(i.TIM_GetITStatus)
    TIM_ITConfig                             0x08005031   Thumb Code    18  stm32f4xx_tim.o(i.TIM_ITConfig)
    TIM_OC2Init                              0x08005045   Thumb Code   154  stm32f4xx_tim.o(i.TIM_OC2Init)
    TIM_OC2PreloadConfig                     0x080050e9   Thumb Code    26  stm32f4xx_tim.o(i.TIM_OC2PreloadConfig)
    TIM_SetCompare2                          0x08005103   Thumb Code     4  stm32f4xx_tim.o(i.TIM_SetCompare2)
    TIM_TimeBaseInit                         0x08005109   Thumb Code   104  stm32f4xx_tim.o(i.TIM_TimeBaseInit)
    USART1_IRQHandler                        0x0800518d   Thumb Code   124  usart.o(i.USART1_IRQHandler)
    USART2_IRQHandler                        0x08005215   Thumb Code    62  usart2.o(i.USART2_IRQHandler)
    USART2_Init                              0x08005265   Thumb Code   164  usart2.o(i.USART2_Init)
    USART3_IRQHandler                        0x08005311   Thumb Code    74  usart3.o(i.USART3_IRQHandler)
    USART3_Init                              0x08005371   Thumb Code   166  usart3.o(i.USART3_Init)
    USART3_SendString                        0x08005421   Thumb Code    38  usart3.o(i.USART3_SendString)
    USART_ClearFlag                          0x0800544d   Thumb Code    18  stm32f4xx_usart.o(i.USART_ClearFlag)
    USART_ClearITPendingBit                  0x0800545f   Thumb Code    30  stm32f4xx_usart.o(i.USART_ClearITPendingBit)
    USART_Cmd                                0x0800547d   Thumb Code    24  stm32f4xx_usart.o(i.USART_Cmd)
    USART_GetFlagStatus                      0x08005495   Thumb Code    26  stm32f4xx_usart.o(i.USART_GetFlagStatus)
    USART_GetITStatus                        0x080054af   Thumb Code    84  stm32f4xx_usart.o(i.USART_GetITStatus)
    USART_ITConfig                           0x08005503   Thumb Code    74  stm32f4xx_usart.o(i.USART_ITConfig)
    USART_Init                               0x0800554d   Thumb Code   204  stm32f4xx_usart.o(i.USART_Init)
    USART_ReceiveData                        0x08005621   Thumb Code    10  stm32f4xx_usart.o(i.USART_ReceiveData)
    USART_SendBytes                          0x0800562b   Thumb Code    58  usart3.o(i.USART_SendBytes)
    USART_SendData                           0x08005665   Thumb Code     8  stm32f4xx_usart.o(i.USART_SendData)
    UlrtavioletLight_Init                    0x0800566d   Thumb Code    56  ultraviolet_light.o(i.UlrtavioletLight_Init)
    UsageFault_Handler                       0x080056a9   Thumb Code     4  stm32f4xx_it.o(i.UsageFault_Handler)
    Watch_Task                               0x080056ad   Thumb Code   110  main.o(i.Watch_Task)
    __ARM_fpclassify                         0x0800581d   Thumb Code    48  fpclassify.o(i.__ARM_fpclassify)
    __hardfp___mathlib_tofloat               0x08005851   Thumb Code   232  narrow.o(i.__hardfp___mathlib_tofloat)
    __hardfp_ldexp                           0x08005949   Thumb Code   200  ldexp.o(i.__hardfp_ldexp)
    __mathlib_dbl_overflow                   0x08005a19   Thumb Code    24  dunder.o(i.__mathlib_dbl_overflow)
    __mathlib_dbl_underflow                  0x08005a39   Thumb Code    24  dunder.o(i.__mathlib_dbl_underflow)
    __mathlib_narrow                         0x08005a59   Thumb Code    18  narrow.o(i.__mathlib_narrow)
    __support_ldexp                          0x08005a6b   Thumb Code    20  ldexp.o(i.__support_ldexp)
    _is_digit                                0x08005a7f   Thumb Code    14  __printf_wp.o(i._is_digit)
    _sys_exit                                0x08005a8d   Thumb Code     4  usart.o(i._sys_exit)
    cJSON_Delete                             0x08005ad9   Thumb Code    84  cjson.o(i.cJSON_Delete)
    cJSON_GetErrorPtr                        0x08005b31   Thumb Code    12  cjson.o(i.cJSON_GetErrorPtr)
    cJSON_GetObjectItem                      0x08005b41   Thumb Code    18  cjson.o(i.cJSON_GetObjectItem)
    cJSON_Parse                              0x08005b6f   Thumb Code    16  cjson.o(i.cJSON_Parse)
    cJSON_ParseWithLengthOpts                0x08005b81   Thumb Code   204  cjson.o(i.cJSON_ParseWithLengthOpts)
    cJSON_ParseWithOpts                      0x08005c55   Thumb Code    40  cjson.o(i.cJSON_ParseWithOpts)
    delay_ms                                 0x08005cc5   Thumb Code    26  delay.o(i.delay_ms)
    delay_us                                 0x08005cdf   Thumb Code    70  delay.o(i.delay_us)
    esp8266_check                            0x08005d25   Thumb Code    30  esp8266.o(i.esp8266_check)
    esp8266_check_connection_status          0x08005d51   Thumb Code    42  esp8266.o(i.esp8266_check_connection_status)
    esp8266_connect_ap                       0x08005d9d   Thumb Code   128  esp8266.o(i.esp8266_connect_ap)
    esp8266_connect_server                   0x08005e6d   Thumb Code   130  esp8266.o(i.esp8266_connect_server)
    esp8266_enable_echo                      0x08005f1d   Thumb Code    42  esp8266.o(i.esp8266_enable_echo)
    esp8266_entry_transparent_transmission   0x08005f5d   Thumb Code    92  esp8266.o(i.esp8266_entry_transparent_transmission)
    esp8266_exit_transparent_transmission    0x08005fe1   Thumb Code    24  esp8266.o(i.esp8266_exit_transparent_transmission)
    esp8266_find_str_in_rx_packet            0x08006001   Thumb Code    50  esp8266.o(i.esp8266_find_str_in_rx_packet)
    esp8266_reset                            0x08006039   Thumb Code    30  esp8266.o(i.esp8266_reset)
    esp8266_send_at                          0x08006069   Thumb Code    28  esp8266.o(i.esp8266_send_at)
    esp8266_send_bytes                       0x0800608d   Thumb Code    18  esp8266.o(i.esp8266_send_bytes)
    fputc                                    0x080060a5   Thumb Code    22  usart.o(i.fputc)
    frexp                                    0x080060c1   Thumb Code   118  frexp.o(i.frexp)
    main                                     0x080061a5   Thumb Code   196  main.o(i.main)
    mqtt_cjson_parse                         0x08006365   Thumb Code   212  mqtt.o(i.mqtt_cjson_parse)
    mqtt_connect                             0x080064a5   Thumb Code   656  mqtt.o(i.mqtt_connect)
    mqtt_msg_handle                          0x08006811   Thumb Code    58  mqtt.o(i.mqtt_msg_handle)
    mqtt_publish_data                        0x08006859   Thumb Code   266  mqtt.o(i.mqtt_publish_data)
    mqtt_report_device_fanspeed              0x0800696d   Thumb Code    32  mqtt.o(i.mqtt_report_device_fanspeed)
    mqtt_report_device_hcho                  0x08006a0d   Thumb Code    56  mqtt.o(i.mqtt_report_device_hcho)
    mqtt_report_device_lock                  0x08006ac5   Thumb Code    32  mqtt.o(i.mqtt_report_device_lock)
    mqtt_report_device_pm2_5                 0x08006b65   Thumb Code    56  mqtt.o(i.mqtt_report_device_pm2_5)
    mqtt_report_devices_status               0x08006c1d   Thumb Code    34  mqtt.o(i.mqtt_report_devices_status)
    mqtt_send_bytes                          0x08006cad   Thumb Code    16  mqtt.o(i.mqtt_send_bytes)
    mqtt_send_heart                          0x08006cbd   Thumb Code   102  mqtt.o(i.mqtt_send_heart)
    mqtt_subscribe_topic                     0x08006d75   Thumb Code   418  mqtt.o(i.mqtt_subscribe_topic)
    pvPortMalloc                             0x08007ad5   Thumb Code   296  heap_4.o(i.pvPortMalloc)
    pxPortInitialiseStack                    0x08007c11   Thumb Code    38  port.o(i.pxPortInitialiseStack)
    strtod                                   0x08007c79   Thumb Code    34  strtod.o(i.strtod)
    uart_init                                0x08007ca9   Thumb Code   164  usart.o(i.uart_init)
    uxListRemove                             0x08007e81   Thumb Code    40  list.o(i.uxListRemove)
    vListInitialise                          0x08007ea9   Thumb Code    26  list.o(i.vListInitialise)
    vListInitialiseItem                      0x08007ec3   Thumb Code     6  list.o(i.vListInitialiseItem)
    vListInsert                              0x08007ec9   Thumb Code    52  list.o(i.vListInsert)
    vListInsertEnd                           0x08007efd   Thumb Code    24  list.o(i.vListInsertEnd)
    vPortEnterCritical                       0x08007f15   Thumb Code    76  port.o(i.vPortEnterCritical)
    vPortExitCritical                        0x08007f69   Thumb Code    56  port.o(i.vPortExitCritical)
    vPortFree                                0x08007fa5   Thumb Code   140  heap_4.o(i.vPortFree)
    vPortSetupTimerInterrupt                 0x08008039   Thumb Code    26  port.o(i.vPortSetupTimerInterrupt)
    vTaskDelay                               0x08008059   Thumb Code    82  tasks.o(i.vTaskDelay)
    vTaskDelete                              0x080080b5   Thumb Code   202  tasks.o(i.vTaskDelete)
    vTaskStartScheduler                      0x080081a9   Thumb Code   108  tasks.o(i.vTaskStartScheduler)
    vTaskSuspendAll                          0x08008231   Thumb Code    12  tasks.o(i.vTaskSuspendAll)
    vTaskSwitchContext                       0x08008241   Thumb Code   118  tasks.o(i.vTaskSwitchContext)
    xPortStartScheduler                      0x080082cd   Thumb Code   288  port.o(i.xPortStartScheduler)
    xTaskCreate                              0x08008409   Thumb Code    96  tasks.o(i.xTaskCreate)
    xTaskIncrementTick                       0x08008469   Thumb Code   282  tasks.o(i.xTaskIncrementTick)
    xTaskResumeAll                           0x080085b1   Thumb Code   224  tasks.o(i.xTaskResumeAll)
    _get_lc_ctype                            0x080086b5   Thumb Code    44  lc_ctype_c.o(locale$$code)
    _get_lc_numeric                          0x080086e1   Thumb Code    44  lc_numeric_c.o(locale$$code)
    __aeabi_d2f                              0x0800870d   Thumb Code     0  d2f.o(x$fpl$d2f)
    _d2f                                     0x0800870d   Thumb Code    98  d2f.o(x$fpl$d2f)
    __fpl_dcheck_NaN1                        0x08008771   Thumb Code    10  dcheck1.o(x$fpl$dcheck1)
    __fpl_dcmp_Inf                           0x08008781   Thumb Code    24  dcmpi.o(x$fpl$dcmpinf)
    __aeabi_ddiv                             0x08008799   Thumb Code     0  ddiv.o(x$fpl$ddiv)
    _ddiv                                    0x08008799   Thumb Code   552  ddiv.o(x$fpl$ddiv)
    __aeabi_cdcmpeq                          0x08008a49   Thumb Code     0  deqf.o(x$fpl$deqf)
    _dcmpeq                                  0x08008a49   Thumb Code   120  deqf.o(x$fpl$deqf)
    __aeabi_d2iz                             0x08008ac1   Thumb Code     0  dfix.o(x$fpl$dfix)
    _dfix                                    0x08008ac1   Thumb Code    94  dfix.o(x$fpl$dfix)
    __aeabi_ui2d                             0x08008b1f   Thumb Code     0  dflt_clz.o(x$fpl$dfltu)
    _dfltu                                   0x08008b1f   Thumb Code    38  dflt_clz.o(x$fpl$dfltu)
    __aeabi_cdcmple                          0x08008b45   Thumb Code     0  dleqf.o(x$fpl$dleqf)
    _dcmple                                  0x08008b45   Thumb Code   120  dleqf.o(x$fpl$dleqf)
    __fpl_dcmple_InfNaN                      0x08008ba7   Thumb Code     0  dleqf.o(x$fpl$dleqf)
    __aeabi_dmul                             0x08008bbd   Thumb Code     0  dmul.o(x$fpl$dmul)
    _dmul                                    0x08008bbd   Thumb Code   332  dmul.o(x$fpl$dmul)
    __fpl_dnaninf                            0x08008d11   Thumb Code   156  dnaninf.o(x$fpl$dnaninf)
    __fpl_dretinf                            0x08008dad   Thumb Code    12  dretinf.o(x$fpl$dretinf)
    __aeabi_cdrcmple                         0x08008db9   Thumb Code     0  drleqf.o(x$fpl$drleqf)
    _drcmple                                 0x08008db9   Thumb Code   108  drleqf.o(x$fpl$drleqf)
    __aeabi_f2d                              0x08008e25   Thumb Code     0  f2d.o(x$fpl$f2d)
    _f2d                                     0x08008e25   Thumb Code    86  f2d.o(x$fpl$f2d)
    __fpl_fnaninf                            0x08008e7b   Thumb Code   140  fnaninf.o(x$fpl$fnaninf)
    _fp_init                                 0x08008f07   Thumb Code    10  fpinit.o(x$fpl$fpinit)
    __fplib_config_fpu_vfp                   0x08008f0f   Thumb Code     0  fpinit.o(x$fpl$fpinit)
    __fplib_config_pureend_doubles           0x08008f0f   Thumb Code     0  fpinit.o(x$fpl$fpinit)
    __fpl_fretinf                            0x08008f11   Thumb Code    10  fretinf.o(x$fpl$fretinf)
    __ieee_status                            0x08008f1b   Thumb Code     6  istatus.o(x$fpl$ieeestatus)
    _printf_fp_dec                           0x08008f21   Thumb Code     4  printf1.o(x$fpl$printf1)
    __fpl_return_NaN                         0x08008f25   Thumb Code   100  retnan.o(x$fpl$retnan)
    __ARM_scalbn                             0x08008f89   Thumb Code    92  scalbn.o(x$fpl$scalbn)
    _scanf_real                              0x08008fe5   Thumb Code     4  scanf1.o(x$fpl$scanf1)
    _scanf_hex_real                          0x08008fe9   Thumb Code     4  scanf2.o(x$fpl$scanf2)
    _scanf_infnan                            0x08008fed   Thumb Code     4  scanf2.o(x$fpl$scanf2)
    __fpl_cmpreturn                          0x08008ff1   Thumb Code    48  trapv.o(x$fpl$trapveneer)
    __I$use$fp                               0x08009020   Number         0  usenofp.o(x$fpl$usenofp)
    ascii_0816                               0x08009020   Data        1520  oled.o(.constdata)
    fan_bmp                                  0x08009a07   Data         120  interface.o(.constdata)
    temperature_icon                         0x08009a7f   Data         128  interface.o(.constdata)
    humi_icon                                0x08009aff   Data         128  interface.o(.constdata)
    Region$$Table$$Base                      0x0800a01c   Number         0  anon$$obj.o(Region$$Table)
    Region$$Table$$Limit                     0x0800a03c   Number         0  anon$$obj.o(Region$$Table)
    __aeabi_HUGE_VAL                         0x0800a03c   Data           0  fpconst.o(c$$dinf)
    __aeabi_HUGE_VALL                        0x0800a03c   Data           0  fpconst.o(c$$dinf)
    __aeabi_INFINITY                         0x0800a03c   Data           0  fpconst.o(c$$dinf)
    __dInf                                   0x0800a03c   Data           0  fpconst.o(c$$dinf)
    __huge_val                               0x0800a03c   Data           0  fpconst.o(c$$dinf)
    __dbl_max                                0x0800a044   Data           0  fpconst.o(c$$dmax)
    __ctype                                  0x0800a059   Data           0  lc_ctype_c.o(locale$$data)
    SystemCoreClock                          0x20000000   Data           4  system_stm32f4xx.o(.data)
    AHBPrescTable                            0x20000004   Data          16  system_stm32f4xx.o(.data)
    __stdout                                 0x20000014   Data           4  usart.o(.data)
    USART1_RX_STA                            0x20000018   Data           2  usart.o(.data)
    key                                      0x2000002a   Data           1  key.o(.data)
    uwTimeDisplay                            0x2000002c   Data           4  rtc.o(.data)
    tim6_update_cnt                          0x20000030   Data           1  tim.o(.data)
    Rx3Counter                               0x20000034   Data           4  usart3.o(.data)
    Rx3Data                                  0x20000038   Data           1  usart3.o(.data)
    Rx3End                                   0x20000039   Data           1  usart3.o(.data)
    cur_fan_speed                            0x2000003c   Data           4  fan.o(.data)
    pm2_5_mg_per_cubic_meter                 0x20000040   Data           4  dust_sensor.o(.data)
    dhtbuf                                   0x20000044   Data           5  dht11.o(.data)
    hcho_mg_per_cubic_meter                  0x2000004c   Data           4  ms1100.o(.data)
    esp8266_transparent_transmission_sta     0x20000050   Data           4  esp8266.o(.data)
    USART2_RX_CNT                            0x20000054   Data           1  usart2.o(.data)
    USART2_RX_FALG                           0x20000055   Data           1  usart2.o(.data)
    pxCurrentTCB                             0x20000058   Data           4  tasks.o(.data)
    BMP1                                     0x200000b8   Data        1024  interface.o(.data)
    index                                    0x200004b8   Data           1  interface.o(.data)
    cursel                                   0x200004bc   Data           4  interface.o(.data)
    enter_flag                               0x200004c0   Data           4  interface.o(.data)
    mqtt_tx_len                              0x200004c4   Data           4  mqtt.o(.data)
    lock                                     0x200004dc   Data           1  child_safety_lock.o(.data)
    Task_Initilize_Handle                    0x200004e0   Data           4  main.o(.data)
    Task_ESP8266Init_Handle                  0x200004e4   Data           4  main.o(.data)
    Task_Watch_Handle                        0x200004e8   Data           4  main.o(.data)
    Task_OLEDShow_Handle                     0x200004ec   Data           4  main.o(.data)
    Task_GetDeviceInfoPeriod_Handle          0x200004f0   Data           4  main.o(.data)
    Task_MQTTPubilshPeriod_Handle            0x200004f4   Data           4  main.o(.data)
    Task_MQTTHeartBeatPacket_Handle          0x200004f8   Data           4  main.o(.data)
    USART1_RX_BUF                            0x200004fc   Data        1024  usart.o(.bss)
    Tx3Buffer                                0x200008fc   Data         512  usart3.o(.bss)
    Rx3Buffer                                0x20000afc   Data         512  usart3.o(.bss)
    OLED_Graphic_MEM                         0x20000cfc   Data        1024  oled.o(.bss)
    USART2_RX_BUF                            0x200010fc   Data         128  usart2.o(.bss)
    mqtt_post_msg                            0x20013e44   Data         526  mqtt.o(.bss)
    __libspace_start                         0x20014054   Data          96  libspace.o(.bss)
    __temporary_stack_top$libspace           0x200140b4   Data           0  libspace.o(.bss)



==============================================================================

Memory Map of the image

  Image Entry point : 0x08000189

  Load Region LR_IROM1 (Base: 0x08000000, Size: 0x0000a674, Max: 0x00080000, ABSOLUTE, COMPRESSED[0x0000a224])

    Execution Region ER_IROM1 (Exec base: 0x08000000, Load base: 0x08000000, Size: 0x0000a178, Max: 0x00080000, ABSOLUTE)

    Exec Addr    Load Addr    Size         Type   Attr      Idx    E Section Name        Object

    0x08000000   0x08000000   0x00000188   Data   RO            3    RESET               startup_stm32f40_41xxx.o
    0x08000188   0x08000188   0x00000008   Code   RO         5512  * !!!main             c_w.l(__main.o)
    0x08000190   0x08000190   0x00000034   Code   RO         6001    !!!scatter          c_w.l(__scatter.o)
    0x080001c4   0x080001c4   0x0000005a   Code   RO         5999    !!dczerorl2         c_w.l(__dczerorl2.o)
    0x0800021e   0x0800021e   0x00000002   PAD
    0x08000220   0x08000220   0x0000001c   Code   RO         6003    !!handler_zi        c_w.l(__scatter_zi.o)
    0x0800023c   0x0800023c   0x00000000   Code   RO         5483    .ARM.Collect$$_printf_percent$$00000000  c_w.l(_printf_percent.o)
    0x0800023c   0x0800023c   0x00000006   Code   RO         5482    .ARM.Collect$$_printf_percent$$00000003  c_w.l(_printf_f.o)
    0x08000242   0x08000242   0x00000006   Code   RO         5481    .ARM.Collect$$_printf_percent$$00000009  c_w.l(_printf_d.o)
    0x08000248   0x08000248   0x00000006   Code   RO         5480    .ARM.Collect$$_printf_percent$$0000000C  c_w.l(_printf_x.o)
    0x0800024e   0x0800024e   0x00000006   Code   RO         5479    .ARM.Collect$$_printf_percent$$00000014  c_w.l(_printf_s.o)
    0x08000254   0x08000254   0x00000004   Code   RO         5628    .ARM.Collect$$_printf_percent$$00000017  c_w.l(_printf_percent_end.o)
    0x08000258   0x08000258   0x00000002   Code   RO         5867    .ARM.Collect$$libinit$$00000000  c_w.l(libinit.o)
    0x0800025a   0x0800025a   0x00000004   Code   RO         5660    .ARM.Collect$$libinit$$00000001  c_w.l(libinit2.o)
    0x0800025e   0x0800025e   0x00000000   Code   RO         5663    .ARM.Collect$$libinit$$00000004  c_w.l(libinit2.o)
    0x0800025e   0x0800025e   0x00000008   Code   RO         5664    .ARM.Collect$$libinit$$00000005  c_w.l(libinit2.o)
    0x08000266   0x08000266   0x00000000   Code   RO         5666    .ARM.Collect$$libinit$$0000000A  c_w.l(libinit2.o)
    0x08000266   0x08000266   0x00000000   Code   RO         5668    .ARM.Collect$$libinit$$0000000C  c_w.l(libinit2.o)
    0x08000266   0x08000266   0x00000000   Code   RO         5670    .ARM.Collect$$libinit$$0000000E  c_w.l(libinit2.o)
    0x08000266   0x08000266   0x00000006   Code   RO         5671    .ARM.Collect$$libinit$$0000000F  c_w.l(libinit2.o)
    0x0800026c   0x0800026c   0x00000000   Code   RO         5673    .ARM.Collect$$libinit$$00000011  c_w.l(libinit2.o)
    0x0800026c   0x0800026c   0x0000000c   Code   RO         5674    .ARM.Collect$$libinit$$00000012  c_w.l(libinit2.o)
    0x08000278   0x08000278   0x00000000   Code   RO         5675    .ARM.Collect$$libinit$$00000013  c_w.l(libinit2.o)
    0x08000278   0x08000278   0x00000000   Code   RO         5677    .ARM.Collect$$libinit$$00000015  c_w.l(libinit2.o)
    0x08000278   0x08000278   0x0000000a   Code   RO         5678    .ARM.Collect$$libinit$$00000016  c_w.l(libinit2.o)
    0x08000282   0x08000282   0x00000000   Code   RO         5679    .ARM.Collect$$libinit$$00000017  c_w.l(libinit2.o)
    0x08000282   0x08000282   0x00000000   Code   RO         5681    .ARM.Collect$$libinit$$00000019  c_w.l(libinit2.o)
    0x08000282   0x08000282   0x00000000   Code   RO         5683    .ARM.Collect$$libinit$$0000001B  c_w.l(libinit2.o)
    0x08000282   0x08000282   0x00000000   Code   RO         5685    .ARM.Collect$$libinit$$0000001D  c_w.l(libinit2.o)
    0x08000282   0x08000282   0x00000000   Code   RO         5687    .ARM.Collect$$libinit$$0000001F  c_w.l(libinit2.o)
    0x08000282   0x08000282   0x00000000   Code   RO         5689    .ARM.Collect$$libinit$$00000021  c_w.l(libinit2.o)
    0x08000282   0x08000282   0x00000000   Code   RO         5691    .ARM.Collect$$libinit$$00000023  c_w.l(libinit2.o)
    0x08000282   0x08000282   0x00000000   Code   RO         5693    .ARM.Collect$$libinit$$00000025  c_w.l(libinit2.o)
    0x08000282   0x08000282   0x00000000   Code   RO         5697    .ARM.Collect$$libinit$$0000002C  c_w.l(libinit2.o)
    0x08000282   0x08000282   0x00000000   Code   RO         5699    .ARM.Collect$$libinit$$0000002E  c_w.l(libinit2.o)
    0x08000282   0x08000282   0x00000000   Code   RO         5701    .ARM.Collect$$libinit$$00000030  c_w.l(libinit2.o)
    0x08000282   0x08000282   0x00000000   Code   RO         5703    .ARM.Collect$$libinit$$00000032  c_w.l(libinit2.o)
    0x08000282   0x08000282   0x00000002   Code   RO         5704    .ARM.Collect$$libinit$$00000033  c_w.l(libinit2.o)
    0x08000284   0x08000284   0x00000002   Code   RO         5973    .ARM.Collect$$libshutdown$$00000000  c_w.l(libshutdown.o)
    0x08000286   0x08000286   0x00000000   Code   RO         5905    .ARM.Collect$$libshutdown$$00000002  c_w.l(libshutdown2.o)
    0x08000286   0x08000286   0x00000000   Code   RO         5907    .ARM.Collect$$libshutdown$$00000004  c_w.l(libshutdown2.o)
    0x08000286   0x08000286   0x00000000   Code   RO         5910    .ARM.Collect$$libshutdown$$00000007  c_w.l(libshutdown2.o)
    0x08000286   0x08000286   0x00000000   Code   RO         5913    .ARM.Collect$$libshutdown$$0000000A  c_w.l(libshutdown2.o)
    0x08000286   0x08000286   0x00000000   Code   RO         5915    .ARM.Collect$$libshutdown$$0000000C  c_w.l(libshutdown2.o)
    0x08000286   0x08000286   0x00000000   Code   RO         5918    .ARM.Collect$$libshutdown$$0000000F  c_w.l(libshutdown2.o)
    0x08000286   0x08000286   0x00000002   Code   RO         5919    .ARM.Collect$$libshutdown$$00000010  c_w.l(libshutdown2.o)
    0x08000288   0x08000288   0x00000000   Code   RO         5560    .ARM.Collect$$rtentry$$00000000  c_w.l(__rtentry.o)
    0x08000288   0x08000288   0x00000000   Code   RO         5730    .ARM.Collect$$rtentry$$00000002  c_w.l(__rtentry2.o)
    0x08000288   0x08000288   0x00000006   Code   RO         5742    .ARM.Collect$$rtentry$$00000004  c_w.l(__rtentry4.o)
    0x0800028e   0x0800028e   0x00000000   Code   RO         5732    .ARM.Collect$$rtentry$$00000009  c_w.l(__rtentry2.o)
    0x0800028e   0x0800028e   0x00000004   Code   RO         5733    .ARM.Collect$$rtentry$$0000000A  c_w.l(__rtentry2.o)
    0x08000292   0x08000292   0x00000000   Code   RO         5735    .ARM.Collect$$rtentry$$0000000C  c_w.l(__rtentry2.o)
    0x08000292   0x08000292   0x00000008   Code   RO         5736    .ARM.Collect$$rtentry$$0000000D  c_w.l(__rtentry2.o)
    0x0800029a   0x0800029a   0x00000002   Code   RO         5886    .ARM.Collect$$rtexit$$00000000  c_w.l(rtexit.o)
    0x0800029c   0x0800029c   0x00000000   Code   RO         5931    .ARM.Collect$$rtexit$$00000002  c_w.l(rtexit2.o)
    0x0800029c   0x0800029c   0x00000004   Code   RO         5932    .ARM.Collect$$rtexit$$00000003  c_w.l(rtexit2.o)
    0x080002a0   0x080002a0   0x00000006   Code   RO         5933    .ARM.Collect$$rtexit$$00000004  c_w.l(rtexit2.o)
    0x080002a6   0x080002a6   0x00000002   PAD
    0x080002a8   0x080002a8   0x000000b6   Code   RO         3927    .emb_text           port.o
    0x0800035e   0x0800035e   0x00000002   PAD
    0x08000360   0x08000360   0x00000000   Code   RO         5753    .emb_text           c_w.l(maybetermalloc1.o)
    0x08000360   0x08000360   0x00000040   Code   RO            4    .text               startup_stm32f40_41xxx.o
    0x080003a0   0x080003a0   0x0000005e   Code   RO         5354    .text               c_w.l(h1_alloc.o)
    0x080003fe   0x080003fe   0x0000004e   Code   RO         5356    .text               c_w.l(h1_free.o)
    0x0800044c   0x0800044c   0x000000b8   Code   RO         5358    .text               c_w.l(h1_realloc.o)
    0x08000504   0x08000504   0x000000ee   Code   RO         5416    .text               c_w.l(lludivv7m.o)
    0x080005f2   0x080005f2   0x0000001a   Code   RO         5418    .text               c_w.l(tolower.o)
    0x0800060c   0x0800060c   0x00000018   Code   RO         5422    .text               c_w.l(__2printf.o)
    0x08000624   0x08000624   0x0000002c   Code   RO         5424    .text               c_w.l(__2sprintf.o)
    0x08000650   0x08000650   0x0000004e   Code   RO         5432    .text               c_w.l(_printf_pad.o)
    0x0800069e   0x0800069e   0x00000052   Code   RO         5434    .text               c_w.l(_printf_str.o)
    0x080006f0   0x080006f0   0x00000078   Code   RO         5436    .text               c_w.l(_printf_dec.o)
    0x08000768   0x08000768   0x00000094   Code   RO         5456    .text               c_w.l(_printf_hex_int_ll_ptr.o)
    0x080007fc   0x080007fc   0x00000188   Code   RO         5476    .text               c_w.l(__printf_flags_ss_wp.o)
    0x08000984   0x08000984   0x00000024   Code   RO         5486    .text               c_w.l(strstr.o)
    0x080009a8   0x080009a8   0x0000003e   Code   RO         5490    .text               c_w.l(strlen.o)
    0x080009e6   0x080009e6   0x00000096   Code   RO         5492    .text               c_w.l(strncmp.o)
    0x08000a7c   0x08000a7c   0x00000018   Code   RO         5494    .text               c_w.l(strcat.o)
    0x08000a94   0x08000a94   0x0000008a   Code   RO         5496    .text               c_w.l(rt_memcpy_v6.o)
    0x08000b1e   0x08000b1e   0x00000016   Code   RO         5500    .text               c_w.l(memset.o)
    0x08000b34   0x08000b34   0x00000010   Code   RO         5502    .text               c_w.l(aeabi_memset.o)
    0x08000b44   0x08000b44   0x00000044   Code   RO         5504    .text               c_w.l(rt_memclr.o)
    0x08000b88   0x08000b88   0x0000004e   Code   RO         5506    .text               c_w.l(rt_memclr_w.o)
    0x08000bd6   0x08000bd6   0x00000002   PAD
    0x08000bd8   0x08000bd8   0x00000080   Code   RO         5508    .text               c_w.l(strcmpv7m.o)
    0x08000c58   0x08000c58   0x00000006   Code   RO         5510    .text               c_w.l(heapauxi.o)
    0x08000c5e   0x08000c5e   0x00000002   PAD
    0x08000c60   0x08000c60   0x00000010   Code   RO         5561    .text               c_w.l(rt_ctype_table.o)
    0x08000c70   0x08000c70   0x00000008   Code   RO         5570    .text               c_w.l(rt_heap_descriptor_intlibspace.o)
    0x08000c78   0x08000c78   0x00000004   Code   RO         5572    .text               c_w.l(hguard.o)
    0x08000c7c   0x08000c7c   0x0000008a   Code   RO         5574    .text               c_w.l(init_alloc.o)
    0x08000d06   0x08000d06   0x0000000e   Code   RO         5578    .text               c_w.l(h1_init.o)
    0x08000d14   0x08000d14   0x000000b2   Code   RO         5594    .text               c_w.l(_printf_intcommon.o)
    0x08000dc6   0x08000dc6   0x0000041e   Code   RO         5598    .text               c_w.l(_printf_fp_dec.o)
    0x080011e4   0x080011e4   0x00000030   Code   RO         5600    .text               c_w.l(_printf_char_common.o)
    0x08001214   0x08001214   0x0000000a   Code   RO         5602    .text               c_w.l(_sputc.o)
    0x0800121e   0x0800121e   0x0000002c   Code   RO         5604    .text               c_w.l(_printf_char.o)
    0x0800124a   0x0800124a   0x00000002   PAD
    0x0800124c   0x0800124c   0x00000024   Code   RO         5606    .text               c_w.l(_printf_char_file.o)
    0x08001270   0x08001270   0x00000040   Code   RO         5646    .text               c_w.l(_sgetc.o)
    0x080012b0   0x080012b0   0x000000a4   Code   RO         5648    .text               c_w.l(strtod.o)
    0x08001354   0x08001354   0x00000064   Code   RO         5656    .text               c_w.l(rt_memcpy_w.o)
    0x080013b8   0x080013b8   0x00000008   Code   RO         5726    .text               c_w.l(libspace.o)
    0x080013c0   0x080013c0   0x00000008   Code   RO         5749    .text               c_w.l(rt_locale_intlibspace.o)
    0x080013c8   0x080013c8   0x00000034   Code   RO         5755    .text               c_w.l(h1_extend.o)
    0x080013fc   0x080013fc   0x0000008a   Code   RO         5759    .text               c_w.l(lludiv10.o)
    0x08001486   0x08001486   0x00000012   Code   RO         5761    .text               c_w.l(isspace.o)
    0x08001498   0x08001498   0x00000080   Code   RO         5766    .text               c_w.l(_printf_fp_infnan.o)
    0x08001518   0x08001518   0x0000001c   Code   RO         5772    .text               c_w.l(_chval.o)
    0x08001534   0x08001534   0x000004f8   Code   RO         5776    .text               c_w.l(scanf_fp.o)
    0x08001a2c   0x08001a2c   0x000000e4   Code   RO         5780    .text               c_w.l(bigflt0.o)
    0x08001b10   0x08001b10   0x00000008   Code   RO         5805    .text               c_w.l(ferror.o)
    0x08001b18   0x08001b18   0x0000000e   Code   RO         5819    .text               c_w.l(defsig_rtmem_outer.o)
    0x08001b26   0x08001b26   0x00000002   Code   RO         5834    .text               c_w.l(use_no_semi.o)
    0x08001b28   0x08001b28   0x00000000   Code   RO         5836    .text               c_w.l(indicate_semi.o)
    0x08001b28   0x08001b28   0x0000004a   Code   RO         5837    .text               c_w.l(sys_stackheap_outer.o)
    0x08001b72   0x08001b72   0x00000002   PAD
    0x08001b74   0x08001b74   0x00000008   Code   RO         5844    .text               c_w.l(rt_errno_addr_intlibspace.o)
    0x08001b7c   0x08001b7c   0x00000012   Code   RO         5848    .text               c_w.l(exit.o)
    0x08001b8e   0x08001b8e   0x0000000a   Code   RO         5850    .text               c_w.l(defsig_exit.o)
    0x08001b98   0x08001b98   0x00000050   Code   RO         5856    .text               c_w.l(defsig_rtmem_inner.o)
    0x08001be8   0x08001be8   0x00000016   Code   RO         5892    .text               c_w.l(_rserrno.o)
    0x08001bfe   0x08001bfe   0x00000002   PAD
    0x08001c00   0x08001c00   0x00000320   Code   RO         5894    .text               c_w.l(scanf_hexfp.o)
    0x08001f20   0x08001f20   0x00000134   Code   RO         5896    .text               c_w.l(scanf_infnan.o)
    0x08002054   0x08002054   0x00000032   Code   RO         5900    .text               c_w.l(defsig_general.o)
    0x08002086   0x08002086   0x0000000e   Code   RO         5928    .text               c_w.l(sys_wrch.o)
    0x08002094   0x08002094   0x00000026   Code   RO         5937    .text               c_w.l(llshl.o)
    0x080020ba   0x080020ba   0x0000003e   Code   RO         5783    CL$$btod_d2e        c_w.l(btod.o)
    0x080020f8   0x080020f8   0x00000046   Code   RO         5785    CL$$btod_d2e_denorm_low  c_w.l(btod.o)
    0x0800213e   0x0800213e   0x00000060   Code   RO         5784    CL$$btod_d2e_norm_op1  c_w.l(btod.o)
    0x0800219e   0x0800219e   0x00000338   Code   RO         5793    CL$$btod_div_common  c_w.l(btod.o)
    0x080024d6   0x080024d6   0x00000002   PAD
    0x080024d8   0x080024d8   0x00000084   Code   RO         5791    CL$$btod_e2d        c_w.l(btod.o)
    0x0800255c   0x0800255c   0x000000dc   Code   RO         5790    CL$$btod_e2e        c_w.l(btod.o)
    0x08002638   0x08002638   0x0000002a   Code   RO         5787    CL$$btod_ediv       c_w.l(btod.o)
    0x08002662   0x08002662   0x0000002a   Code   RO         5789    CL$$btod_edivd      c_w.l(btod.o)
    0x0800268c   0x0800268c   0x0000002a   Code   RO         5786    CL$$btod_emul       c_w.l(btod.o)
    0x080026b6   0x080026b6   0x0000002a   Code   RO         5788    CL$$btod_emuld      c_w.l(btod.o)
    0x080026e0   0x080026e0   0x00000244   Code   RO         5792    CL$$btod_mult_common  c_w.l(btod.o)
    0x08002924   0x08002924   0x00000016   Code   RO         2079    i.ADC_Cmd           stm32f4xx_adc.o
    0x0800293a   0x0800293a   0x00000002   PAD
    0x0800293c   0x0800293c   0x00000030   Code   RO         2080    i.ADC_CommonInit    stm32f4xx_adc.o
    0x0800296c   0x0800296c   0x00000008   Code   RO         2091    i.ADC_GetConversionValue  stm32f4xx_adc.o
    0x08002974   0x08002974   0x00000012   Code   RO         2092    i.ADC_GetFlagStatus  stm32f4xx_adc.o
    0x08002986   0x08002986   0x00000002   PAD
    0x08002988   0x08002988   0x00000054   Code   RO         2099    i.ADC_Init          stm32f4xx_adc.o
    0x080029dc   0x080029dc   0x000000b8   Code   RO         2104    i.ADC_RegularChannelConfig  stm32f4xx_adc.o
    0x08002a94   0x08002a94   0x0000000a   Code   RO         2106    i.ADC_SoftwareStartConv  stm32f4xx_adc.o
    0x08002a9e   0x08002a9e   0x00000004   Code   RO         5085    i.BusFault_Handler  stm32f4xx_it.o
    0x08002aa2   0x08002aa2   0x00000002   PAD
    0x08002aa4   0x08002aa4   0x00000058   Code   RO         2763    i.DHT11_GetAck      dht11.o
    0x08002afc   0x08002afc   0x0000005c   Code   RO         2764    i.DHT11_GetData     dht11.o
    0x08002b58   0x08002b58   0x00000068   Code   RO         2765    i.DHT11_GetDataBit  dht11.o
    0x08002bc0   0x08002bc0   0x00000040   Code   RO         2766    i.DHT11_Init        dht11.o
    0x08002c00   0x08002c00   0x0000003c   Code   RO         2767    i.DHT11_SendStart   dht11.o
    0x08002c3c   0x08002c3c   0x00000034   Code   RO         2768    i.DHT11_SetInputMode  dht11.o
    0x08002c70   0x08002c70   0x0000002c   Code   RO         2769    i.DHT11_SetOutputMode  dht11.o
    0x08002c9c   0x08002c9c   0x00000002   Code   RO         5086    i.DebugMon_Handler  stm32f4xx_it.o
    0x08002c9e   0x08002c9e   0x00000002   PAD
    0x08002ca0   0x08002ca0   0x00000118   Code   RO         2721    i.DustSensor_GetVal  dust_sensor.o
    0x08002db8   0x08002db8   0x000000b8   Code   RO         2722    i.DustSensor_Init   dust_sensor.o
    0x08002e70   0x08002e70   0x00000140   Code   RO         5200    i.ESP8266_Connect_Task  main.o
    0x08002fb0   0x08002fb0   0x00000028   Code   RO         5087    i.EXTI0_IRQHandler  stm32f4xx_it.o
    0x08002fd8   0x08002fd8   0x00000028   Code   RO         5088    i.EXTI2_IRQHandler  stm32f4xx_it.o
    0x08003000   0x08003000   0x00000028   Code   RO         5089    i.EXTI3_IRQHandler  stm32f4xx_it.o
    0x08003028   0x08003028   0x00000028   Code   RO         5090    i.EXTI4_IRQHandler  stm32f4xx_it.o
    0x08003050   0x08003050   0x0000000c   Code   RO          730    i.EXTI_ClearITPendingBit  stm32f4xx_exti.o
    0x0800305c   0x0800305c   0x00000018   Code   RO          734    i.EXTI_GetITStatus  stm32f4xx_exti.o
    0x08003074   0x08003074   0x00000094   Code   RO          735    i.EXTI_Init         stm32f4xx_exti.o
    0x08003108   0x08003108   0x00000278   Code   RO         3073    i.Esp8266_Init      esp8266.o
    0x08003380   0x08003380   0x000000b4   Code   RO         2677    i.FAN_PWM_Init      fan.o
    0x08003434   0x08003434   0x00000058   Code   RO         2678    i.FAN_Speed_Adjust  fan.o
    0x0800348c   0x0800348c   0x00000024   Code   RO         2679    i.FAN_Speed_Inc     fan.o
    0x080034b0   0x080034b0   0x00000024   Code   RO         2680    i.FAN_Speed_dec     fan.o
    0x080034d4   0x080034d4   0x00000090   Code   RO          632    i.GPIO_Init         stm32f4xx_gpio.o
    0x08003564   0x08003564   0x00000046   Code   RO          633    i.GPIO_PinAFConfig  stm32f4xx_gpio.o
    0x080035aa   0x080035aa   0x00000012   Code   RO          636    i.GPIO_ReadInputDataBit  stm32f4xx_gpio.o
    0x080035bc   0x080035bc   0x00000004   Code   RO          639    i.GPIO_ResetBits    stm32f4xx_gpio.o
    0x080035c0   0x080035c0   0x00000004   Code   RO          640    i.GPIO_SetBits      stm32f4xx_gpio.o
    0x080035c4   0x080035c4   0x00000070   Code   RO         5201    i.Get_DeviceInfo_Task  main.o
    0x08003634   0x08003634   0x00000004   Code   RO         5091    i.HardFault_Handler  stm32f4xx_it.o
    0x08003638   0x08003638   0x00000028   Code   RO         2903    i.IIC_SDASetInputMode  oled.o
    0x08003660   0x08003660   0x00000034   Code   RO         2904    i.IIC_SDASetOutputMode  oled.o
    0x08003694   0x08003694   0x00000044   Code   RO         2905    i.IIC_Start         oled.o
    0x080036d8   0x080036d8   0x00000044   Code   RO         2906    i.IIC_Stop          oled.o
    0x0800371c   0x0800371c   0x00000040   Code   RO         2907    i.IIC_Wait_Ack      oled.o
    0x0800375c   0x0800375c   0x00000098   Code   RO         5202    i.Initialize_Task   main.o
    0x080037f4   0x080037f4   0x000000cc   Code   RO         4012    i.Interface_Menu    interface.o
    0x080038c0   0x080038c0   0x000000e8   Code   RO         2315    i.KEY_IT_Init       key.o
    0x080039a8   0x080039a8   0x00000064   Code   RO         2460    i.LED_Init          led.o
    0x08003a0c   0x08003a0c   0x0000004c   Code   RO         5203    i.MQTT_Pubilsh_Period_Task  main.o
    0x08003a58   0x08003a58   0x00000050   Code   RO         5204    i.MQTT_Send_HeartBeatPacket_Task  main.o
    0x08003aa8   0x08003aa8   0x00000078   Code   RO         2838    i.MS1100_ADCValToPPM  ms1100.o
    0x08003b20   0x08003b20   0x000000c8   Code   RO         2839    i.MS1100_Get_Mg_per_cubic_meter  ms1100.o
    0x08003be8   0x08003be8   0x0000007c   Code   RO         2840    i.MS1100_Init       ms1100.o
    0x08003c64   0x08003c64   0x00000024   Code   RO         2841    i.MS1100_PPMToMG    ms1100.o
    0x08003c88   0x08003c88   0x00000004   Code   RO         5092    i.MemManage_Handler  stm32f4xx_it.o
    0x08003c8c   0x08003c8c   0x000002f0   Code   RO         4111    i.Mqtt_Connect_Aliyun  mqtt.o
    0x08003f7c   0x08003f7c   0x00000002   Code   RO         5093    i.NMI_Handler       stm32f4xx_it.o
    0x08003f7e   0x08003f7e   0x00000002   PAD
    0x08003f80   0x08003f80   0x00000078   Code   RO          253    i.NVIC_Init         misc.o
    0x08003ff8   0x08003ff8   0x00000014   Code   RO          254    i.NVIC_PriorityGroupConfig  misc.o
    0x0800400c   0x0800400c   0x00000030   Code   RO         2908    i.OLED_Clear        oled.o
    0x0800403c   0x0800403c   0x00000014   Code   RO         2909    i.OLED_Clear_Graphic_MEM  oled.o
    0x08004050   0x08004050   0x0000006c   Code   RO         2913    i.OLED_DrawPoint    oled.o
    0x080040bc   0x080040bc   0x00000158   Code   RO         2914    i.OLED_Init         oled.o
    0x08004214   0x08004214   0x00000038   Code   RO         2915    i.OLED_RefreshGraphic  oled.o
    0x0800424c   0x0800424c   0x0000002a   Code   RO         2916    i.OLED_Set_Pos      oled.o
    0x08004276   0x08004276   0x000000aa   Code   RO         2917    i.OLED_ShowBMP      oled.o
    0x08004320   0x08004320   0x00000090   Code   RO         2918    i.OLED_ShowChar     oled.o
    0x080043b0   0x080043b0   0x000000f8   Code   RO         2919    i.OLED_ShowChinese  oled.o
    0x080044a8   0x080044a8   0x000000aa   Code   RO         2920    i.OLED_ShowNum      oled.o
    0x08004552   0x08004552   0x0000004c   Code   RO         2921    i.OLED_ShowStr      oled.o
    0x0800459e   0x0800459e   0x00000002   PAD
    0x080045a0   0x080045a0   0x00000044   Code   RO         4013    i.OLED_Show_Interface  interface.o
    0x080045e4   0x080045e4   0x0000000e   Code   RO         5205    i.OLED_Show_Task    main.o
    0x080045f2   0x080045f2   0x00000018   Code   RO         2922    i.OLED_WR_Byte      oled.o
    0x0800460a   0x0800460a   0x00000002   PAD
    0x0800460c   0x0800460c   0x00000020   Code   RO          297    i.RCC_AHB1PeriphClockCmd  stm32f4xx_rcc.o
    0x0800462c   0x0800462c   0x00000020   Code   RO          306    i.RCC_APB1PeriphClockCmd  stm32f4xx_rcc.o
    0x0800464c   0x0800464c   0x00000020   Code   RO          309    i.RCC_APB2PeriphClockCmd  stm32f4xx_rcc.o
    0x0800466c   0x0800466c   0x000000e8   Code   RO          318    i.RCC_GetClocksFreq  stm32f4xx_rcc.o
    0x08004754   0x08004754   0x00000028   Code   RO         5094    i.RTC_Alarm_IRQHandler  stm32f4xx_it.o
    0x0800477c   0x0800477c   0x00000020   Code   RO         1606    i.RTC_ClearITPendingBit  stm32f4xx_rtc.o
    0x0800479c   0x0800479c   0x00000040   Code   RO         1618    i.RTC_GetITStatus   stm32f4xx_rtc.o
    0x080047dc   0x080047dc   0x00000028   Code   RO         5095    i.RTC_WKUP_IRQHandler  stm32f4xx_it.o
    0x08004804   0x08004804   0x00000040   Code   RO          794    i.SYSCFG_EXTILineConfig  stm32f4xx_syscfg.o
    0x08004844   0x08004844   0x000000ec   Code   RO           12    i.SetSysClock       system_stm32f4xx.o
    0x08004930   0x08004930   0x00000144   Code   RO         4014    i.Show_Cursel_Menu  interface.o
    0x08004a74   0x08004a74   0x00000100   Code   RO         4015    i.Show_FAN_Speed    interface.o
    0x08004b74   0x08004b74   0x00000094   Code   RO         4016    i.Show_HCHO         interface.o
    0x08004c08   0x08004c08   0x000000c0   Code   RO         4017    i.Show_Humiture     interface.o
    0x08004cc8   0x08004cc8   0x00000120   Code   RO         4018    i.Show_Menu         interface.o
    0x08004de8   0x08004de8   0x000000cc   Code   RO         4019    i.Show_PM2_5        interface.o
    0x08004eb4   0x08004eb4   0x00000034   Code   RO         3928    i.SysTick_Handler   port.o
    0x08004ee8   0x08004ee8   0x00000068   Code   RO           14    i.SystemInit        system_stm32f4xx.o
    0x08004f50   0x08004f50   0x00000028   Code   RO         5096    i.TIM6_DAC_IRQHandler  stm32f4xx_it.o
    0x08004f78   0x08004f78   0x00000060   Code   RO         2568    i.TIM6_Init         tim.o
    0x08004fd8   0x08004fd8   0x00000018   Code   RO          851    i.TIM_ARRPreloadConfig  stm32f4xx_tim.o
    0x08004ff0   0x08004ff0   0x00000006   Code   RO          858    i.TIM_ClearITPendingBit  stm32f4xx_tim.o
    0x08004ff6   0x08004ff6   0x00000018   Code   RO          863    i.TIM_Cmd           stm32f4xx_tim.o
    0x0800500e   0x0800500e   0x00000022   Code   RO          884    i.TIM_GetITStatus   stm32f4xx_tim.o
    0x08005030   0x08005030   0x00000012   Code   RO          888    i.TIM_ITConfig      stm32f4xx_tim.o
    0x08005042   0x08005042   0x00000002   PAD
    0x08005044   0x08005044   0x000000a4   Code   RO          897    i.TIM_OC2Init       stm32f4xx_tim.o
    0x080050e8   0x080050e8   0x0000001a   Code   RO          900    i.TIM_OC2PreloadConfig  stm32f4xx_tim.o
    0x08005102   0x08005102   0x00000004   Code   RO          926    i.TIM_SetCompare2   stm32f4xx_tim.o
    0x08005106   0x08005106   0x00000002   PAD
    0x08005108   0x08005108   0x00000084   Code   RO          935    i.TIM_TimeBaseInit  stm32f4xx_tim.o
    0x0800518c   0x0800518c   0x00000088   Code   RO          204    i.USART1_IRQHandler  usart.o
    0x08005214   0x08005214   0x00000050   Code   RO         3239    i.USART2_IRQHandler  usart2.o
    0x08005264   0x08005264   0x000000ac   Code   RO         3240    i.USART2_Init       usart2.o
    0x08005310   0x08005310   0x00000060   Code   RO         2599    i.USART3_IRQHandler  usart3.o
    0x08005370   0x08005370   0x000000b0   Code   RO         2600    i.USART3_Init       usart3.o
    0x08005420   0x08005420   0x0000002c   Code   RO         2602    i.USART3_SendString  usart3.o
    0x0800544c   0x0800544c   0x00000012   Code   RO         1409    i.USART_ClearFlag   stm32f4xx_usart.o
    0x0800545e   0x0800545e   0x0000001e   Code   RO         1410    i.USART_ClearITPendingBit  stm32f4xx_usart.o
    0x0800547c   0x0800547c   0x00000018   Code   RO         1413    i.USART_Cmd         stm32f4xx_usart.o
    0x08005494   0x08005494   0x0000001a   Code   RO         1416    i.USART_GetFlagStatus  stm32f4xx_usart.o
    0x080054ae   0x080054ae   0x00000054   Code   RO         1417    i.USART_GetITStatus  stm32f4xx_usart.o
    0x08005502   0x08005502   0x0000004a   Code   RO         1419    i.USART_ITConfig    stm32f4xx_usart.o
    0x0800554c   0x0800554c   0x000000d4   Code   RO         1420    i.USART_Init        stm32f4xx_usart.o
    0x08005620   0x08005620   0x0000000a   Code   RO         1427    i.USART_ReceiveData  stm32f4xx_usart.o
    0x0800562a   0x0800562a   0x0000003a   Code   RO         2603    i.USART_SendBytes   usart3.o
    0x08005664   0x08005664   0x00000008   Code   RO         1430    i.USART_SendData    stm32f4xx_usart.o
    0x0800566c   0x0800566c   0x0000003c   Code   RO         2651    i.UlrtavioletLight_Init  ultraviolet_light.o
    0x080056a8   0x080056a8   0x00000004   Code   RO         5097    i.UsageFault_Handler  stm32f4xx_it.o
    0x080056ac   0x080056ac   0x000000ac   Code   RO         5206    i.Watch_Task        main.o
    0x08005758   0x08005758   0x0000006c   Code   RO         2923    i.Write_IIC_Byte    oled.o
    0x080057c4   0x080057c4   0x0000002c   Code   RO         2924    i.Write_IIC_Command  oled.o
    0x080057f0   0x080057f0   0x0000002c   Code   RO         2925    i.Write_IIC_Data    oled.o
    0x0800581c   0x0800581c   0x00000030   Code   RO         5832    i.__ARM_fpclassify  m_wm.l(fpclassify.o)
    0x0800584c   0x0800584c   0x00000004   PAD
    0x08005850   0x08005850   0x000000f8   Code   RO         5878    i.__hardfp___mathlib_tofloat  m_wm.l(narrow.o)
    0x08005948   0x08005948   0x000000d0   Code   RO         5941    i.__hardfp_ldexp    m_wm.l(ldexp.o)
    0x08005a18   0x08005a18   0x00000020   Code   RO         5980    i.__mathlib_dbl_overflow  m_wm.l(dunder.o)
    0x08005a38   0x08005a38   0x00000020   Code   RO         5982    i.__mathlib_dbl_underflow  m_wm.l(dunder.o)
    0x08005a58   0x08005a58   0x00000012   Code   RO         5879    i.__mathlib_narrow  m_wm.l(narrow.o)
    0x08005a6a   0x08005a6a   0x00000014   Code   RO         5943    i.__support_ldexp   m_wm.l(ldexp.o)
    0x08005a7e   0x08005a7e   0x0000000e   Code   RO         5469    i._is_digit         c_w.l(__printf_wp.o)
    0x08005a8c   0x08005a8c   0x00000004   Code   RO          205    i._sys_exit         usart.o
    0x08005a90   0x08005a90   0x00000048   Code   RO         4370    i.buffer_skip_whitespace  cjson.o
    0x08005ad8   0x08005ad8   0x00000058   Code   RO         4402    i.cJSON_Delete      cjson.o
    0x08005b30   0x08005b30   0x00000010   Code   RO         4413    i.cJSON_GetErrorPtr  cjson.o
    0x08005b40   0x08005b40   0x00000012   Code   RO         4415    i.cJSON_GetObjectItem  cjson.o
    0x08005b52   0x08005b52   0x0000001c   Code   RO         4432    i.cJSON_New_Item    cjson.o
    0x08005b6e   0x08005b6e   0x00000010   Code   RO         4433    i.cJSON_Parse       cjson.o
    0x08005b7e   0x08005b7e   0x00000002   PAD
    0x08005b80   0x08005b80   0x000000d4   Code   RO         4435    i.cJSON_ParseWithLengthOpts  cjson.o
    0x08005c54   0x08005c54   0x00000028   Code   RO         4436    i.cJSON_ParseWithOpts  cjson.o
    0x08005c7c   0x08005c7c   0x00000048   Code   RO         4451    i.case_insensitive_strcmp  cjson.o
    0x08005cc4   0x08005cc4   0x0000001a   Code   RO          150    i.delay_ms          delay.o
    0x08005cde   0x08005cde   0x00000046   Code   RO          151    i.delay_us          delay.o
    0x08005d24   0x08005d24   0x0000002c   Code   RO         3077    i.esp8266_check     esp8266.o
    0x08005d50   0x08005d50   0x0000004c   Code   RO         3078    i.esp8266_check_connection_status  esp8266.o
    0x08005d9c   0x08005d9c   0x000000d0   Code   RO         3080    i.esp8266_connect_ap  esp8266.o
    0x08005e6c   0x08005e6c   0x000000b0   Code   RO         3081    i.esp8266_connect_server  esp8266.o
    0x08005f1c   0x08005f1c   0x00000040   Code   RO         3084    i.esp8266_enable_echo  esp8266.o
    0x08005f5c   0x08005f5c   0x00000084   Code   RO         3086    i.esp8266_entry_transparent_transmission  esp8266.o
    0x08005fe0   0x08005fe0   0x00000020   Code   RO         3087    i.esp8266_exit_transparent_transmission  esp8266.o
    0x08006000   0x08006000   0x00000038   Code   RO         3088    i.esp8266_find_str_in_rx_packet  esp8266.o
    0x08006038   0x08006038   0x00000030   Code   RO         3090    i.esp8266_reset     esp8266.o
    0x08006068   0x08006068   0x00000024   Code   RO         3091    i.esp8266_send_at   esp8266.o
    0x0800608c   0x0800608c   0x00000018   Code   RO         3092    i.esp8266_send_bytes  esp8266.o
    0x080060a4   0x080060a4   0x0000001c   Code   RO          206    i.fputc             usart.o
    0x080060c0   0x080060c0   0x0000008c   Code   RO         5924    i.frexp             m_wm.l(frexp.o)
    0x0800614c   0x0800614c   0x00000004   Code   RO         4457    i.get_decimal_point  cjson.o
    0x08006150   0x08006150   0x00000052   Code   RO         4458    i.get_object_item   cjson.o
    0x080061a2   0x080061a2   0x00000002   PAD
    0x080061a4   0x080061a4   0x000001c0   Code   RO         5207    i.main              main.o
    0x08006364   0x08006364   0x00000140   Code   RO         4112    i.mqtt_cjson_parse  mqtt.o
    0x080064a4   0x080064a4   0x0000036c   Code   RO         4113    i.mqtt_connect      mqtt.o
    0x08006810   0x08006810   0x00000048   Code   RO         4115    i.mqtt_msg_handle   mqtt.o
    0x08006858   0x08006858   0x00000114   Code   RO         4116    i.mqtt_publish_data  mqtt.o
    0x0800696c   0x0800696c   0x000000a0   Code   RO         4117    i.mqtt_report_device_fanspeed  mqtt.o
    0x08006a0c   0x08006a0c   0x000000b8   Code   RO         4118    i.mqtt_report_device_hcho  mqtt.o
    0x08006ac4   0x08006ac4   0x000000a0   Code   RO         4119    i.mqtt_report_device_lock  mqtt.o
    0x08006b64   0x08006b64   0x000000b8   Code   RO         4120    i.mqtt_report_device_pm2_5  mqtt.o
    0x08006c1c   0x08006c1c   0x00000090   Code   RO         4121    i.mqtt_report_devices_status  mqtt.o
    0x08006cac   0x08006cac   0x00000010   Code   RO         4122    i.mqtt_send_bytes   mqtt.o
    0x08006cbc   0x08006cbc   0x000000b8   Code   RO         4123    i.mqtt_send_heart   mqtt.o
    0x08006d74   0x08006d74   0x00000224   Code   RO         4124    i.mqtt_subscribe_topic  mqtt.o
    0x08006f98   0x08006f98   0x00000028   Code   RO         2927    i.oled_pow          oled.o
    0x08006fc0   0x08006fc0   0x000000f8   Code   RO         4460    i.parse_array       cjson.o
    0x080070b8   0x080070b8   0x0000005a   Code   RO         4461    i.parse_hex4        cjson.o
    0x08007112   0x08007112   0x00000002   PAD
    0x08007114   0x08007114   0x00000154   Code   RO         4462    i.parse_number      cjson.o
    0x08007268   0x08007268   0x0000013e   Code   RO         4463    i.parse_object      cjson.o
    0x080073a6   0x080073a6   0x0000018c   Code   RO         4464    i.parse_string      cjson.o
    0x08007532   0x08007532   0x00000002   PAD
    0x08007534   0x08007534   0x0000013c   Code   RO         4465    i.parse_value       cjson.o
    0x08007670   0x08007670   0x00000098   Code   RO         3539    i.prvAddCurrentTaskToDelayedList  tasks.o
    0x08007708   0x08007708   0x000000b8   Code   RO         3540    i.prvAddNewTaskToReadyList  tasks.o
    0x080077c0   0x080077c0   0x00000064   Code   RO         3541    i.prvCheckTasksWaitingTermination  tasks.o
    0x08007824   0x08007824   0x00000012   Code   RO         3542    i.prvDeleteTCB      tasks.o
    0x08007836   0x08007836   0x00000002   PAD
    0x08007838   0x08007838   0x0000007c   Code   RO         3866    i.prvHeapInit       heap_4.o
    0x080078b4   0x080078b4   0x00000028   Code   RO         3543    i.prvIdleTask       tasks.o
    0x080078dc   0x080078dc   0x000000b4   Code   RO         3544    i.prvInitialiseNewTask  tasks.o
    0x08007990   0x08007990   0x00000068   Code   RO         3545    i.prvInitialiseTaskLists  tasks.o
    0x080079f8   0x080079f8   0x00000068   Code   RO         3867    i.prvInsertBlockIntoFreeList  heap_4.o
    0x08007a60   0x08007a60   0x00000034   Code   RO         3547    i.prvResetNextTaskUnblockTime  tasks.o
    0x08007a94   0x08007a94   0x00000040   Code   RO         3929    i.prvTaskExitError  port.o
    0x08007ad4   0x08007ad4   0x0000013c   Code   RO         3868    i.pvPortMalloc      heap_4.o
    0x08007c10   0x08007c10   0x0000002c   Code   RO         3930    i.pxPortInitialiseStack  port.o
    0x08007c3c   0x08007c3c   0x0000003c   Code   RO         4476    i.skip_utf8_bom     cjson.o
    0x08007c78   0x08007c78   0x00000030   Code   RO         5554    i.strtod            m_wm.l(strtod.o)
    0x08007ca8   0x08007ca8   0x000000ac   Code   RO          207    i.uart_init         usart.o
    0x08007d54   0x08007d54   0x0000012c   Code   RO         4479    i.utf16_literal_to_utf8  cjson.o
    0x08007e80   0x08007e80   0x00000028   Code   RO         3270    i.uxListRemove      list.o
    0x08007ea8   0x08007ea8   0x0000001a   Code   RO         3271    i.vListInitialise   list.o
    0x08007ec2   0x08007ec2   0x00000006   Code   RO         3272    i.vListInitialiseItem  list.o
    0x08007ec8   0x08007ec8   0x00000034   Code   RO         3273    i.vListInsert       list.o
    0x08007efc   0x08007efc   0x00000018   Code   RO         3274    i.vListInsertEnd    list.o
    0x08007f14   0x08007f14   0x00000054   Code   RO         3932    i.vPortEnterCritical  port.o
    0x08007f68   0x08007f68   0x0000003c   Code   RO         3933    i.vPortExitCritical  port.o
    0x08007fa4   0x08007fa4   0x00000094   Code   RO         3869    i.vPortFree         heap_4.o
    0x08008038   0x08008038   0x00000020   Code   RO         3934    i.vPortSetupTimerInterrupt  port.o
    0x08008058   0x08008058   0x0000005c   Code   RO         3558    i.vTaskDelay        tasks.o
    0x080080b4   0x080080b4   0x000000f4   Code   RO         3560    i.vTaskDelete       tasks.o
    0x080081a8   0x080081a8   0x00000088   Code   RO         3572    i.vTaskStartScheduler  tasks.o
    0x08008230   0x08008230   0x00000010   Code   RO         3574    i.vTaskSuspendAll   tasks.o
    0x08008240   0x08008240   0x0000008c   Code   RO         3575    i.vTaskSwitchContext  tasks.o
    0x080082cc   0x080082cc   0x0000013c   Code   RO         3936    i.xPortStartScheduler  port.o
    0x08008408   0x08008408   0x00000060   Code   RO         3577    i.xTaskCreate       tasks.o
    0x08008468   0x08008468   0x00000148   Code   RO         3583    i.xTaskIncrementTick  tasks.o
    0x080085b0   0x080085b0   0x00000104   Code   RO         3589    i.xTaskResumeAll    tasks.o
    0x080086b4   0x080086b4   0x0000002c   Code   RO         5814    locale$$code        c_w.l(lc_ctype_c.o)
    0x080086e0   0x080086e0   0x0000002c   Code   RO         5817    locale$$code        c_w.l(lc_numeric_c.o)
    0x0800870c   0x0800870c   0x00000062   Code   RO         5514    x$fpl$d2f           fz_wm.l(d2f.o)
    0x0800876e   0x0800876e   0x00000002   PAD
    0x08008770   0x08008770   0x00000010   Code   RO         5991    x$fpl$dcheck1       fz_wm.l(dcheck1.o)
    0x08008780   0x08008780   0x00000018   Code   RO         5705    x$fpl$dcmpinf       fz_wm.l(dcmpi.o)
    0x08008798   0x08008798   0x000002b0   Code   RO         5523    x$fpl$ddiv          fz_wm.l(ddiv.o)
    0x08008a48   0x08008a48   0x00000078   Code   RO         5920    x$fpl$deqf          fz_wm.l(deqf.o)
    0x08008ac0   0x08008ac0   0x0000005e   Code   RO         5526    x$fpl$dfix          fz_wm.l(dfix.o)
    0x08008b1e   0x08008b1e   0x00000026   Code   RO         5530    x$fpl$dfltu         fz_wm.l(dflt_clz.o)
    0x08008b44   0x08008b44   0x00000078   Code   RO         5536    x$fpl$dleqf         fz_wm.l(dleqf.o)
    0x08008bbc   0x08008bbc   0x00000154   Code   RO         5538    x$fpl$dmul          fz_wm.l(dmul.o)
    0x08008d10   0x08008d10   0x0000009c   Code   RO         5707    x$fpl$dnaninf       fz_wm.l(dnaninf.o)
    0x08008dac   0x08008dac   0x0000000c   Code   RO         5709    x$fpl$dretinf       fz_wm.l(dretinf.o)
    0x08008db8   0x08008db8   0x0000006c   Code   RO         5540    x$fpl$drleqf        fz_wm.l(drleqf.o)
    0x08008e24   0x08008e24   0x00000056   Code   RO         5542    x$fpl$f2d           fz_wm.l(f2d.o)
    0x08008e7a   0x08008e7a   0x0000008c   Code   RO         5711    x$fpl$fnaninf       fz_wm.l(fnaninf.o)
    0x08008f06   0x08008f06   0x0000000a   Code   RO         5828    x$fpl$fpinit        fz_wm.l(fpinit.o)
    0x08008f10   0x08008f10   0x0000000a   Code   RO         5713    x$fpl$fretinf       fz_wm.l(fretinf.o)
    0x08008f1a   0x08008f1a   0x00000006   Code   RO         5830    x$fpl$ieeestatus    fz_wm.l(istatus.o)
    0x08008f20   0x08008f20   0x00000004   Code   RO         5544    x$fpl$printf1       fz_wm.l(printf1.o)
    0x08008f24   0x08008f24   0x00000064   Code   RO         5993    x$fpl$retnan        fz_wm.l(retnan.o)
    0x08008f88   0x08008f88   0x0000005c   Code   RO         5974    x$fpl$scalbn        fz_wm.l(scalbn.o)
    0x08008fe4   0x08008fe4   0x00000004   Code   RO         5721    x$fpl$scanf1        fz_wm.l(scanf1.o)
    0x08008fe8   0x08008fe8   0x00000008   Code   RO         5872    x$fpl$scanf2        fz_wm.l(scanf2.o)
    0x08008ff0   0x08008ff0   0x00000030   Code   RO         5995    x$fpl$trapveneer    fz_wm.l(trapv.o)
    0x08009020   0x08009020   0x00000000   Code   RO         5723    x$fpl$usenofp       fz_wm.l(usenofp.o)
    0x08009020   0x08009020   0x000009e7   Data   RO         2929    .constdata          oled.o
    0x08009a07   0x08009a07   0x00000178   Data   RO         4020    .constdata          interface.o
    0x08009b7f   0x08009b7f   0x00000028   Data   RO         5457    .constdata          c_w.l(_printf_hex_int_ll_ptr.o)
    0x08009ba7   0x08009ba7   0x00000011   Data   RO         5477    .constdata          c_w.l(__printf_flags_ss_wp.o)
    0x08009bb8   0x08009bb8   0x00000094   Data   RO         5781    .constdata          c_w.l(bigflt0.o)
    0x08009c4c   0x08009c4c   0x000003cf   Data   RO         4127    .conststring        mqtt.o
    0x0800a01b   0x0800a01b   0x00000001   PAD
    0x0800a01c   0x0800a01c   0x00000020   Data   RO         5997    Region$$Table       anon$$obj.o
    0x0800a03c   0x0800a03c   0x00000008   Data   RO         5868    c$$dinf             fz_wm.l(fpconst.o)
    0x0800a044   0x0800a044   0x00000008   Data   RO         5871    c$$dmax             fz_wm.l(fpconst.o)
    0x0800a04c   0x0800a04c   0x00000110   Data   RO         5813    locale$$data        c_w.l(lc_ctype_c.o)
    0x0800a15c   0x0800a15c   0x0000001c   Data   RO         5816    locale$$data        c_w.l(lc_numeric_c.o)


    Execution Region RW_IRAM1 (Exec base: 0x20000000, Load base: 0x0800a178, Size: 0x000146b8, Max: 0x00020000, ABSOLUTE, COMPRESSED[0x000000ac])

    Exec Addr    Load Addr    Size         Type   Attr      Idx    E Section Name        Object

    0x20000000   COMPRESSED   0x00000014   Data   RW           15    .data               system_stm32f4xx.o
    0x20000014   COMPRESSED   0x00000006   Data   RW          209    .data               usart.o
    0x2000001a   COMPRESSED   0x00000010   Data   RW          350    .data               stm32f4xx_rcc.o
    0x2000002a   COMPRESSED   0x00000002   Data   RW         2318    .data               key.o
    0x2000002c   COMPRESSED   0x00000004   Data   RW         2511    .data               rtc.o
    0x20000030   COMPRESSED   0x00000001   Data   RW         2569    .data               tim.o
    0x20000031   COMPRESSED   0x00000003   PAD
    0x20000034   COMPRESSED   0x00000006   Data   RW         2605    .data               usart3.o
    0x2000003a   COMPRESSED   0x00000002   PAD
    0x2000003c   COMPRESSED   0x00000004   Data   RW         2681    .data               fan.o
    0x20000040   COMPRESSED   0x00000004   Data   RW         2724    .data               dust_sensor.o
    0x20000044   COMPRESSED   0x00000005   Data   RW         2771    .data               dht11.o
    0x20000049   COMPRESSED   0x00000003   PAD
    0x2000004c   COMPRESSED   0x00000004   Data   RW         2843    .data               ms1100.o
    0x20000050   COMPRESSED   0x00000004   Data   RW         3095    .data               esp8266.o
    0x20000054   COMPRESSED   0x00000002   Data   RW         3242    .data               usart2.o
    0x20000056   COMPRESSED   0x00000002   PAD
    0x20000058   COMPRESSED   0x0000003c   Data   RW         3592    .data               tasks.o
    0x20000094   COMPRESSED   0x00000018   Data   RW         3874    .data               heap_4.o
    0x200000ac   COMPRESSED   0x0000000c   Data   RW         3937    .data               port.o
    0x200000b8   COMPRESSED   0x0000040c   Data   RW         4021    .data               interface.o
    0x200004c4   COMPRESSED   0x00000004   Data   RW         4128    .data               mqtt.o
    0x200004c8   COMPRESSED   0x00000014   Data   RW         4481    .data               cjson.o
    0x200004dc   COMPRESSED   0x00000001   Data   RW         5046    .data               child_safety_lock.o
    0x200004dd   COMPRESSED   0x00000003   PAD
    0x200004e0   COMPRESSED   0x0000001c   Data   RW         5208    .data               main.o
    0x200004fc        -       0x00000400   Zero   RW          208    .bss                usart.o
    0x200008fc        -       0x00000400   Zero   RW         2604    .bss                usart3.o
    0x20000cfc        -       0x00000400   Zero   RW         2928    .bss                oled.o
    0x200010fc        -       0x00000080   Zero   RW         3241    .bss                usart2.o
    0x2000117c        -       0x000000c8   Zero   RW         3591    .bss                tasks.o
    0x20001244        -       0x00012c00   Zero   RW         3873    .bss                heap_4.o
    0x20013e44        -       0x0000020e   Zero   RW         4125    .bss                mqtt.o
    0x20014052   COMPRESSED   0x00000002   PAD
    0x20014054        -       0x00000060   Zero   RW         5727    .bss                c_w.l(libspace.o)
    0x200140b4   COMPRESSED   0x00000004   PAD
    0x200140b8        -       0x00000200   Zero   RW            2    HEAP                startup_stm32f40_41xxx.o
    0x200142b8        -       0x00000400   Zero   RW            1    STACK               startup_stm32f40_41xxx.o


==============================================================================

Image component sizes


      Code (inc. data)   RO Data    RW Data    ZI Data      Debug   Object Name

         0          0          0          1          0        255   child_safety_lock.o
      2716         80          0         20          0      18709   cjson.o
        96          0          0          0          0       1294   delay.o
       504         26          0          5          0       5525   dht11.o
       464         96          0          4          0       1781   dust_sensor.o
      1528        628          0          4          0       9216   esp8266.o
       340         30          0          4          0       2634   fan.o
       692         62          0         24      76800       7095   heap_4.o
      1684        328        376       1036          0       6114   interface.o
       232          6          0          2          0     254643   key.o
       100          8          0          0          0        583   led.o
       148          0          0          0          0      10946   list.o
      1374        652          0         28          0      13189   main.o
       140         24          0          0          0       1795   misc.o
      3876       1682        975          4        526      13872   mqtt.o
       480        118          0          4          0       3070   ms1100.o
      1978         90       2535          0       1024      17178   oled.o
       834         78          0         12          0      10656   port.o
         0          0          0          0          0       8004   queue.o
         0          0          0          4          0       1224   rtc.o
        64         26        392          0       1536        900   startup_stm32f40_41xxx.o
       374         24          0          0          0       6002   stm32f4xx_adc.o
       184         16          0          0          0       2388   stm32f4xx_exti.o
       240          0          0          0          0       3895   stm32f4xx_gpio.o
       300         58          0          0          0       6636   stm32f4xx_it.o
       328         36          0         16          0       4987   stm32f4xx_rcc.o
        96         10          0          0          0       1318   stm32f4xx_rtc.o
        64          4          0          0          0        696   stm32f4xx_syscfg.o
       432         38          0          0          0       6688   stm32f4xx_tim.o
       486          8          0          0          0       7249   stm32f4xx_usart.o
       340         32          0         20          0     300225   system_stm32f4xx.o
      2142        310          0         60        200      16379   tasks.o
        96          6          0          1          0       1350   tim.o
        60          4          0          0          0        648   ultraviolet_light.o
       340         26          0          6       1024       4574   usart.o
       252         26          0          2        128       2239   usart2.o
       374         38          0          6       1024       3640   usart3.o

    ----------------------------------------------------------------------
     23388       4570       4311       1276      82264     757597   Object Totals
         0          0         32          0          0          0   (incl. Generated)
        30          0          1         13          2          0   (incl. Padding)

    ----------------------------------------------------------------------

      Code (inc. data)   RO Data    RW Data    ZI Data      Debug   Library Member Name

        24          4          0          0          0         84   __2printf.o
        44          6          0          0          0         84   __2sprintf.o
        90          0          0          0          0          0   __dczerorl2.o
         8          0          0          0          0         68   __main.o
       392          4         17          0          0         92   __printf_flags_ss_wp.o
        14          0          0          0          0         68   __printf_wp.o
         0          0          0          0          0          0   __rtentry.o
        12          0          0          0          0          0   __rtentry2.o
         6          0          0          0          0          0   __rtentry4.o
        52          8          0          0          0          0   __scatter.o
        28          0          0          0          0          0   __scatter_zi.o
        28          0          0          0          0         68   _chval.o
        44          0          0          0          0        108   _printf_char.o
        48          6          0          0          0         96   _printf_char_common.o
        36          4          0          0          0         80   _printf_char_file.o
         6          0          0          0          0          0   _printf_d.o
       120         16          0          0          0         92   _printf_dec.o
         6          0          0          0          0          0   _printf_f.o
      1054          0          0          0          0        216   _printf_fp_dec.o
       128         16          0          0          0         84   _printf_fp_infnan.o
       148          4         40          0          0        160   _printf_hex_int_ll_ptr.o
       178          0          0          0          0         88   _printf_intcommon.o
        78          0          0          0          0        108   _printf_pad.o
         0          0          0          0          0          0   _printf_percent.o
         4          0          0          0          0          0   _printf_percent_end.o
         6          0          0          0          0          0   _printf_s.o
        82          0          0          0          0         80   _printf_str.o
         6          0          0          0          0          0   _printf_x.o
        22          0          0          0          0        100   _rserrno.o
        64          0          0          0          0         84   _sgetc.o
        10          0          0          0          0         68   _sputc.o
        16          0          0          0          0         68   aeabi_memset.o
       228          4        148          0          0         96   bigflt0.o
      2152        136          0          0          0        960   btod.o
        10          0          0          0          0         68   defsig_exit.o
        50          0          0          0          0         88   defsig_general.o
        80         58          0          0          0         76   defsig_rtmem_inner.o
        14          0          0          0          0         80   defsig_rtmem_outer.o
        18          0          0          0          0         80   exit.o
         8          0          0          0          0         68   ferror.o
        94          0          0          0          0         80   h1_alloc.o
        52          0          0          0          0         68   h1_extend.o
        78          0          0          0          0         80   h1_free.o
        14          0          0          0          0         84   h1_init.o
       184          0          0          0          0         92   h1_realloc.o
         6          0          0          0          0        152   heapauxi.o
         4          0          0          0          0        136   hguard.o
         0          0          0          0          0          0   indicate_semi.o
       138          0          0          0          0        168   init_alloc.o
        18          0          0          0          0         76   isspace.o
        44         10        272          0          0         76   lc_ctype_c.o
        44         10         28          0          0         76   lc_numeric_c.o
         2          0          0          0          0          0   libinit.o
        42          0          0          0          0          0   libinit2.o
         2          0          0          0          0          0   libshutdown.o
         2          0          0          0          0          0   libshutdown2.o
         8          4          0          0         96         68   libspace.o
        38          0          0          0          0         68   llshl.o
       138          0          0          0          0         80   lludiv10.o
       238          0          0          0          0        100   lludivv7m.o
         0          0          0          0          0          0   maybetermalloc1.o
        22          0          0          0          0         76   memset.o
        16          4          0          0          0         76   rt_ctype_table.o
         8          4          0          0          0         68   rt_errno_addr_intlibspace.o
         8          4          0          0          0         68   rt_heap_descriptor_intlibspace.o
         8          4          0          0          0         68   rt_locale_intlibspace.o
        68          0          0          0          0         68   rt_memclr.o
        78          0          0          0          0         80   rt_memclr_w.o
       138          0          0          0          0         68   rt_memcpy_v6.o
       100          0          0          0          0         80   rt_memcpy_w.o
         2          0          0          0          0          0   rtexit.o
        10          0          0          0          0          0   rtexit2.o
      1272         16          0          0          0        168   scanf_fp.o
       800         14          0          0          0        100   scanf_hexfp.o
       308         16          0          0          0        100   scanf_infnan.o
        24          0          0          0          0         68   strcat.o
       128          0          0          0          0         68   strcmpv7m.o
        62          0          0          0          0         76   strlen.o
       150          0          0          0          0         80   strncmp.o
        36          0          0          0          0         80   strstr.o
       164         14          0          0          0        120   strtod.o
        74          0          0          0          0         80   sys_stackheap_outer.o
        14          0          0          0          0         76   sys_wrch.o
        26          0          0          0          0         76   tolower.o
         2          0          0          0          0         68   use_no_semi.o
        98          4          0          0          0        140   d2f.o
        16          4          0          0          0        116   dcheck1.o
        24          0          0          0          0        116   dcmpi.o
       688        140          0          0          0        256   ddiv.o
       120          4          0          0          0        140   deqf.o
        94          4          0          0          0        140   dfix.o
        38          0          0          0          0        116   dflt_clz.o
       120          4          0          0          0        140   dleqf.o
       340         12          0          0          0        152   dmul.o
       156          4          0          0          0        140   dnaninf.o
        12          0          0          0          0        116   dretinf.o
       108          0          0          0          0        128   drleqf.o
        86          4          0          0          0        132   f2d.o
       140          4          0          0          0        132   fnaninf.o
         0          0         16          0          0          0   fpconst.o
        10          0          0          0          0        116   fpinit.o
        10          0          0          0          0        116   fretinf.o
         6          0          0          0          0        116   istatus.o
         4          0          0          0          0        116   printf1.o
       100          0          0          0          0        116   retnan.o
        92          0          0          0          0        116   scalbn.o
         4          0          0          0          0        116   scanf1.o
         8          0          0          0          0        132   scanf2.o
        48          0          0          0          0        116   trapv.o
         0          0          0          0          0          0   usenofp.o
        64         16          0          0          0        248   dunder.o
        48          0          0          0          0        124   fpclassify.o
       140         22          0          0          0        132   frexp.o
       228          8          0          0          0        308   ldexp.o
       266         16          0          0          0        308   narrow.o
        48         14          0          0          0        128   strtod.o

    ----------------------------------------------------------------------
     13116        628        521          0        100      10900   Library Totals
        22          2          0          0          4          0   (incl. Padding)

    ----------------------------------------------------------------------

      Code (inc. data)   RO Data    RW Data    ZI Data      Debug   Library Name

      9978        366        505          0         96       6628   c_w.l
      2322        184         16          0          0       3024   fz_wm.l
       794         76          0          0          0       1248   m_wm.l

    ----------------------------------------------------------------------
     13116        628        521          0        100      10900   Library Totals

    ----------------------------------------------------------------------

==============================================================================


      Code (inc. data)   RO Data    RW Data    ZI Data      Debug   

     36504       5198       4832       1276      82364     741901   Grand Totals
     36504       5198       4832        172      82364     741901   ELF Image Totals (compressed)
     36504       5198       4832        172          0          0   ROM Totals

==============================================================================

    Total RO  Size (Code + RO Data)                41336 (  40.37kB)
    Total RW  Size (RW Data + ZI Data)             83640 (  81.68kB)
    Total ROM Size (Code + RO Data + RW Data)      41508 (  40.54kB)

==============================================================================

